Archive member included to satisfy reference by file (symbol)

/Applications/ArmGNUToolchain/13.2.Rel1/arm-none-eabi/bin/../lib/gcc/arm-none-eabi/13.2.1/thumb/v6-m/nofp/libgcc.a(_dvmd_tls.o)
                              CMakeFiles/test.dir/Users/michaelshipman/Developer/pico/console/rp2040-console/examples/pico-sdk/src/rp2_common/pico_divider/divider.S.obj (__aeabi_idiv0)
/Applications/ArmGNUToolchain/13.2.Rel1/arm-none-eabi/bin/../lib/gcc/arm-none-eabi/13.2.1/../../../../arm-none-eabi/lib/thumb/v6-m/nofp/libc.a(libc_a-atoi.o)
                              CMakeFiles/test.dir/Users/michaelshipman/Developer/pico/console/rp2040-console/std-cmd/command.c.obj (atoi)
/Applications/ArmGNUToolchain/13.2.Rel1/arm-none-eabi/bin/../lib/gcc/arm-none-eabi/13.2.1/../../../../arm-none-eabi/lib/thumb/v6-m/nofp/libc.a(libc_a-calloc.o)
                              CMakeFiles/test.dir/Users/michaelshipman/Developer/pico/console/rp2040-console/examples/pico-sdk/src/rp2_common/pico_malloc/pico_malloc.c.obj (calloc)
/Applications/ArmGNUToolchain/13.2.Rel1/arm-none-eabi/bin/../lib/gcc/arm-none-eabi/13.2.1/../../../../arm-none-eabi/lib/thumb/v6-m/nofp/libc.a(libc_a-callocr.o)
                              /Applications/ArmGNUToolchain/13.2.Rel1/arm-none-eabi/bin/../lib/gcc/arm-none-eabi/13.2.1/../../../../arm-none-eabi/lib/thumb/v6-m/nofp/libc.a(libc_a-calloc.o) (_calloc_r)
/Applications/ArmGNUToolchain/13.2.Rel1/arm-none-eabi/bin/../lib/gcc/arm-none-eabi/13.2.1/../../../../arm-none-eabi/lib/thumb/v6-m/nofp/libc.a(libc_a-malloc.o)
                              CMakeFiles/test.dir/Users/michaelshipman/Developer/pico/console/rp2040-console/examples/pico-sdk/src/rp2_common/pico_malloc/pico_malloc.c.obj (malloc)
/Applications/ArmGNUToolchain/13.2.Rel1/arm-none-eabi/bin/../lib/gcc/arm-none-eabi/13.2.1/../../../../arm-none-eabi/lib/thumb/v6-m/nofp/libc.a(libc_a-mallocr.o)
                              /Applications/ArmGNUToolchain/13.2.Rel1/arm-none-eabi/bin/../lib/gcc/arm-none-eabi/13.2.1/../../../../arm-none-eabi/lib/thumb/v6-m/nofp/libc.a(libc_a-callocr.o) (_malloc_r)
/Applications/ArmGNUToolchain/13.2.Rel1/arm-none-eabi/bin/../lib/gcc/arm-none-eabi/13.2.1/../../../../arm-none-eabi/lib/thumb/v6-m/nofp/libc.a(libc_a-mlock.o)
                              /Applications/ArmGNUToolchain/13.2.Rel1/arm-none-eabi/bin/../lib/gcc/arm-none-eabi/13.2.1/../../../../arm-none-eabi/lib/thumb/v6-m/nofp/libc.a(libc_a-mallocr.o) (__malloc_lock)
/Applications/ArmGNUToolchain/13.2.Rel1/arm-none-eabi/bin/../lib/gcc/arm-none-eabi/13.2.1/../../../../arm-none-eabi/lib/thumb/v6-m/nofp/libc.a(libc_a-realloc.o)
                              CMakeFiles/test.dir/Users/michaelshipman/Developer/pico/console/rp2040-console/examples/pico-sdk/src/rp2_common/pico_malloc/pico_malloc.c.obj (realloc)
/Applications/ArmGNUToolchain/13.2.Rel1/arm-none-eabi/bin/../lib/gcc/arm-none-eabi/13.2.1/../../../../arm-none-eabi/lib/thumb/v6-m/nofp/libc.a(libc_a-reallocr.o)
                              /Applications/ArmGNUToolchain/13.2.Rel1/arm-none-eabi/bin/../lib/gcc/arm-none-eabi/13.2.1/../../../../arm-none-eabi/lib/thumb/v6-m/nofp/libc.a(libc_a-realloc.o) (_realloc_r)
/Applications/ArmGNUToolchain/13.2.Rel1/arm-none-eabi/bin/../lib/gcc/arm-none-eabi/13.2.1/../../../../arm-none-eabi/lib/thumb/v6-m/nofp/libc.a(libc_a-strtol.o)
                              /Applications/ArmGNUToolchain/13.2.Rel1/arm-none-eabi/bin/../lib/gcc/arm-none-eabi/13.2.1/../../../../arm-none-eabi/lib/thumb/v6-m/nofp/libc.a(libc_a-atoi.o) (_strtol_r)
/Applications/ArmGNUToolchain/13.2.Rel1/arm-none-eabi/bin/../lib/gcc/arm-none-eabi/13.2.1/../../../../arm-none-eabi/lib/thumb/v6-m/nofp/libc.a(libc_a-memmove.o)
                              /Applications/ArmGNUToolchain/13.2.Rel1/arm-none-eabi/bin/../lib/gcc/arm-none-eabi/13.2.1/../../../../arm-none-eabi/lib/thumb/v6-m/nofp/libc.a(libc_a-reallocr.o) (memmove)
/Applications/ArmGNUToolchain/13.2.Rel1/arm-none-eabi/bin/../lib/gcc/arm-none-eabi/13.2.1/../../../../arm-none-eabi/lib/thumb/v6-m/nofp/libc.a(libc_a-strtok.o)
                              CMakeFiles/test.dir/Users/michaelshipman/Developer/pico/console/rp2040-console/std-cmd/command.c.obj (strtok)
/Applications/ArmGNUToolchain/13.2.Rel1/arm-none-eabi/bin/../lib/gcc/arm-none-eabi/13.2.1/../../../../arm-none-eabi/lib/thumb/v6-m/nofp/libc.a(libc_a-strtok_r.o)
                              /Applications/ArmGNUToolchain/13.2.Rel1/arm-none-eabi/bin/../lib/gcc/arm-none-eabi/13.2.1/../../../../arm-none-eabi/lib/thumb/v6-m/nofp/libc.a(libc_a-strtok.o) (__strtok_r)
/Applications/ArmGNUToolchain/13.2.Rel1/arm-none-eabi/bin/../lib/gcc/arm-none-eabi/13.2.1/../../../../arm-none-eabi/lib/thumb/v6-m/nofp/libc.a(libc_a-impure.o)
                              /Applications/ArmGNUToolchain/13.2.Rel1/arm-none-eabi/bin/../lib/gcc/arm-none-eabi/13.2.1/../../../../arm-none-eabi/lib/thumb/v6-m/nofp/libc.a(libc_a-calloc.o) (_impure_ptr)
[...]
Memory Configuration

Name             Origin             Length             Attributes
FLASH            0x10000000         0x00200000         xr
RAM              0x20000000         0x00040000         xrw
SCRATCH_X        0x20040000         0x00001000         xrw
SCRATCH_Y        0x20041000         0x00001000         xrw
*default*        0x00000000         0xffffffff

Linker script and memory map

LOAD /Applications/ArmGNUToolchain/13.2.Rel1/arm-none-eabi/bin/../lib/gcc/arm-none-eabi/13.2.1/thumb/v6-m/nofp/crti.o
LOAD /Applications/ArmGNUToolchain/13.2.Rel1/arm-none-eabi/bin/../lib/gcc/arm-none-eabi/13.2.1/thumb/v6-m/nofp/crtbegin.o
LOAD /Applications/ArmGNUToolchain/13.2.Rel1/arm-none-eabi/bin/../lib/gcc/arm-none-eabi/13.2.1/../../../../arm-none-eabi/lib/thumb/v6-m/nofp/crt0.o

.flash_begin    0x10000000        0x0
                0x10000000                        __flash_binary_start = .

.boot2          0x10000000      0x100
                0x10000000                        __boot2_start__ = .
 *(.boot2)
 .boot2         0x10000000      0x100 /var/folders/n7/t1959y0j4_gczygmz5tcw0qc0000gn/T//ccHdMW2S.o
                0x10000100                        __boot2_end__ = .
                0x00000001                        ASSERT (((__boot2_end__ - __boot2_start__) == 0x100), ERROR: Pico second stage bootloader must be 256 bytes in size)

.text           0x10000100     0x7f58
                0x10000100                        __logical_binary_start = .
 *(.vectors)
 .vectors       0x10000100       0xd4 CMakeFiles/test.dir/Users/michaelshipman/Developer/pico/console/rp2040-console/examples/pico-sdk/src/rp2_common/pico_standard_link/crt0.S.obj
                0x10000100                __VECTOR_TABLE
                0x10000100                __vectors
                0x100001c0                __default_isrs_start
                0x100001c0                isr_invalid
                0x100001c2                isr_nmi
                0x100001c4                isr_hardfault
                0x100001c6                isr_svcall
                0x100001c8                isr_pendsv
                0x100001ca                isr_systick
                0x100001cc                isr_irq28
                0x100001cc                isr_irq19
                0x100001cc                isr_irq0
                0x100001cc                isr_irq6
                0x100001cc                isr_irq22
                0x100001cc                isr_irq17
                0x100001cc                isr_irq14
                0x100001cc                isr_irq2
                0x100001cc                isr_irq10
                0x100001cc                isr_irq8
                0x100001cc                isr_irq24
                0x100001cc                isr_irq1
                0x100001cc                isr_irq7
                0x100001cc                isr_irq21
                0x100001cc                isr_irq20
                0x100001cc                isr_irq15
                0x100001cc                isr_irq25
                0x100001cc                isr_irq4
                0x100001cc                isr_irq16
                0x100001cc                isr_irq29
                0x100001cc                isr_irq26
                0x100001cc                __default_isrs_end
                0x100001cc                isr_irq3
                0x100001cc                isr_irq9
                0x100001cc                __unhandled_user_irq
                0x100001cc                isr_irq13
                0x100001cc                isr_irq27
                0x100001cc                isr_irq31
                0x100001cc                isr_irq5
                0x100001cc                isr_irq11
                0x100001cc                isr_irq23
                0x100001cc                isr_irq18
                0x100001cc                isr_irq30
                0x100001cc                isr_irq12
                0x100001d2                unhandled_user_irq_num_in_r0
 *(.binary_info_header)
 .binary_info_header
                0x100001d4       0x14 CMakeFiles/test.dir/Users/michaelshipman/Developer/pico/console/rp2040-console/examples/pico-sdk/src/rp2_common/pico_standard_link/crt0.S.obj
                0x100001e8                        __binary_info_header_end = .
 *(.reset)
 .reset         0x100001e8       0xa0 CMakeFiles/test.dir/Users/michaelshipman/Developer/pico/console/rp2040-console/examples/pico-sdk/src/rp2_common/pico_standard_link/crt0.S.obj
                0x100001e8                _entry_point
 .reset         0x10000288       0x30 CMakeFiles/test.dir/Users/michaelshipman/Developer/pico/console/rp2040-console/examples/pico-sdk/src/rp2_common/pico_standard_link/binary_info.c.obj
 *(.init)
 .init          0x100002b8        0x4 /Applications/ArmGNUToolchain/13.2.Rel1/arm-none-eabi/bin/../lib/gcc/arm-none-eabi/13.2.1/thumb/v6-m/nofp/crti.o
                0x100002b8                _init
 *(EXCLUDE_FILE(*libm.a: *libc.a:*lib_a-mem*.o *libgcc.a:) .text*)
 .text.register_tm_clones
                0x100002bc       0x28 /Applications/ArmGNUToolchain/13.2.Rel1/arm-none-eabi/bin/../lib/gcc/arm-none-eabi/13.2.1/thumb/v6-m/nofp/crtbegin.o
 .text.frame_dummy
                0x100002e4       0x24 /Applications/ArmGNUToolchain/13.2.Rel1/arm-none-eabi/bin/../lib/gcc/arm-none-eabi/13.2.1/thumb/v6-m/nofp/crtbegin.o
 .text.core1_entry
                0x10000308       0x2c CMakeFiles/test.dir/test.c.obj
                0x10000308                core1_entry
 .text.startup.main
                0x10000334       0x6c CMakeFiles/test.dir/test.c.obj
                0x10000334                main
 .text.get_handler
                0x100003a0       0x1c CMakeFiles/test.dir/test.c.obj
                0x100003a0                get_handler
 .text.no_op_handler
                0x100003bc       0x10 CMakeFiles/test.dir/test.c.obj
                0x100003bc                no_op_handler
 .text.test_handler
                0x100003cc       0x10 CMakeFiles/test.dir/test.c.obj
                0x100003cc                test_handler
 .text.text_handler
                0x100003dc       0x10 CMakeFiles/test.dir/test.c.obj
                0x100003dc                text_handler
 .text.vent_handler
                0x100003ec       0x10 CMakeFiles/test.dir/test.c.obj
                0x100003ec                vent_handler
 .text.reset_handler
                0x100003fc       0x10 CMakeFiles/test.dir/test.c.obj
                0x100003fc                reset_handler
 .text.pos_handler
                0x1000040c       0x10 CMakeFiles/test.dir/test.c.obj
                0x1000040c                pos_handler
 .text.term_handler
                0x1000041c       0x10 CMakeFiles/test.dir/test.c.obj
                0x1000041c                term_handler
 .text.stat_handler
                0x1000042c       0x10 CMakeFiles/test.dir/test.c.obj
                0x1000042c                stat_handler
 .text.set_handler
                0x1000043c       0x10 CMakeFiles/test.dir/test.c.obj
                0x1000043c                set_handler
 .text.parse_text_command
                0x1000044c      0x114 CMakeFiles/test.dir/Users/michaelshipman/Developer/pico/console/rp2040-console/std-cmd/command.c.obj
                0x1000044c                parse_text_command
 .text.print_op_code
                0x10000560       0xa4 CMakeFiles/test.dir/Users/michaelshipman/Developer/pico/console/rp2040-console/std-cmd/command.c.obj
                0x10000560                print_op_code
 .text.print_command
                0x10000604       0x40 CMakeFiles/test.dir/Users/michaelshipman/Developer/pico/console/rp2040-console/std-cmd/command.c.obj
                0x10000604                print_command
 .text.gpio_set_function
                0x10000644       0x30 CMakeFiles/test.dir/Users/michaelshipman/Developer/pico/console/rp2040-console/examples/pico-sdk/src/rp2_common/hardware_gpio/gpio.c.obj
                0x10000644                gpio_set_function
 .text.running_on_fpga
                0x10000674       0x10 CMakeFiles/test.dir/Users/michaelshipman/Developer/pico/console/rp2040-console/examples/pico-sdk/src/rp2_common/pico_platform/platform.c.obj
                0x10000674                running_on_fpga
 .text.hw_claim_or_assert
                0x10000684       0x44 CMakeFiles/test.dir/Users/michaelshipman/Developer/pico/console/rp2040-console/examples/pico-sdk/src/rp2_common/hardware_claim/claim.c.obj
                0x10000684                hw_claim_or_assert
 .text.hw_claim_unused_from_range
                0x100006c8       0x9c CMakeFiles/test.dir/Users/michaelshipman/Developer/pico/console/rp2040-console/examples/pico-sdk/src/rp2_common/hardware_claim/claim.c.obj
                0x100006c8                hw_claim_unused_from_range
 .text.spin_locks_reset
                0x10000764       0x1c CMakeFiles/test.dir/Users/michaelshipman/Developer/pico/console/rp2040-console/examples/pico-sdk/src/rp2_common/hardware_sync/sync.c.obj
                0x10000764                spin_locks_reset
 .text.next_striped_spin_lock_num
                0x10000780       0x18 CMakeFiles/test.dir/Users/michaelshipman/Developer/pico/console/rp2040-console/examples/pico-sdk/src/rp2_common/hardware_sync/sync.c.obj
                0x10000780                next_striped_spin_lock_num
 .text.spin_lock_claim_unused
                0x10000798       0x24 CMakeFiles/test.dir/Users/michaelshipman/Developer/pico/console/rp2040-console/examples/pico-sdk/src/rp2_common/hardware_sync/sync.c.obj
                0x10000798                spin_lock_claim_unused
 .text.irq_set_enabled
                0x100007bc       0x24 CMakeFiles/test.dir/Users/michaelshipman/Developer/pico/console/rp2040-console/examples/pico-sdk/src/rp2_common/hardware_irq/irq.c.obj
                0x100007bc                irq_set_enabled
 .text.irq_is_enabled
                0x100007e0       0x18 CMakeFiles/test.dir/Users/michaelshipman/Developer/pico/console/rp2040-console/examples/pico-sdk/src/rp2_common/hardware_irq/irq.c.obj
                0x100007e0                irq_is_enabled
 .text.irq_set_pending
                0x100007f8       0x10 CMakeFiles/test.dir/Users/michaelshipman/Developer/pico/console/rp2040-console/examples/pico-sdk/src/rp2_common/hardware_irq/irq.c.obj
                0x100007f8                irq_set_pending
 .text.irq_has_shared_handler
                0x10000808       0x2c CMakeFiles/test.dir/Users/michaelshipman/Developer/pico/console/rp2040-console/examples/pico-sdk/src/rp2_common/hardware_irq/irq.c.obj
                0x10000808                irq_has_shared_handler
 .text.irq_get_vtable_handler
                0x10000834       0x10 CMakeFiles/test.dir/Users/michaelshipman/Developer/pico/console/rp2040-console/examples/pico-sdk/src/rp2_common/hardware_irq/irq.c.obj
                0x10000834                irq_get_vtable_handler
 .text.irq_set_exclusive_handler
                0x10000844       0x54 CMakeFiles/test.dir/Users/michaelshipman/Developer/pico/console/rp2040-console/examples/pico-sdk/src/rp2_common/hardware_irq/irq.c.obj
                0x10000844                irq_set_exclusive_handler
 .text.irq_add_shared_handler
                0x10000898      0x1f4 CMakeFiles/test.dir/Users/michaelshipman/Developer/pico/console/rp2040-console/examples/pico-sdk/src/rp2_common/hardware_irq/irq.c.obj
                0x10000898                irq_add_shared_handler
 .text.irq_remove_handler
                0x10000a8c      0x1c4 CMakeFiles/test.dir/Users/michaelshipman/Developer/pico/console/rp2040-console/examples/pico-sdk/src/rp2_common/hardware_irq/irq.c.obj
                0x10000a8c                irq_remove_handler
 .text.irq_add_tail_to_free_list
                0x10000c50       0xb4 CMakeFiles/test.dir/Users/michaelshipman/Developer/pico/console/rp2040-console/examples/pico-sdk/src/rp2_common/hardware_irq/irq.c.obj
                0x10000c50                irq_add_tail_to_free_list
 .text.irq_init_priorities
                0x10000d04       0x24 CMakeFiles/test.dir/Users/michaelshipman/Developer/pico/console/rp2040-console/examples/pico-sdk/src/rp2_common/hardware_irq/irq.c.obj
                0x10000d04                irq_init_priorities
 .text.user_irq_claim_unused
                0x10000d28       0x2c CMakeFiles/test.dir/Users/michaelshipman/Developer/pico/console/rp2040-console/examples/pico-sdk/src/rp2_common/hardware_irq/irq.c.obj
                0x10000d28                user_irq_claim_unused
 .text.lock_init
                0x10000d54       0x10 CMakeFiles/test.dir/Users/michaelshipman/Developer/pico/console/rp2040-console/examples/pico-sdk/src/common/pico_sync/lock_core.c.obj
                0x10000d54                lock_init
 .text.mutex_init
                0x10000d64       0x1c CMakeFiles/test.dir/Users/michaelshipman/Developer/pico/console/rp2040-console/examples/pico-sdk/src/common/pico_sync/mutex.c.obj
                0x10000d64                mutex_init
 .text.recursive_mutex_init
                0x10000d80       0x1c CMakeFiles/test.dir/Users/michaelshipman/Developer/pico/console/rp2040-console/examples/pico-sdk/src/common/pico_sync/mutex.c.obj
                0x10000d80                recursive_mutex_init
 .text.critical_section_init
                0x10000d9c       0x1c CMakeFiles/test.dir/Users/michaelshipman/Developer/pico/console/rp2040-console/examples/pico-sdk/src/common/pico_sync/critical_section.c.obj
                0x10000d9c                critical_section_init
 .text.critical_section_init_with_lock_num
                0x10000db8       0x14 CMakeFiles/test.dir/Users/michaelshipman/Developer/pico/console/rp2040-console/examples/pico-sdk/src/common/pico_sync/critical_section.c.obj
                0x10000db8                critical_section_init_with_lock_num
 .text.timer_pool_entry_comparator
                0x10000dcc       0x34 CMakeFiles/test.dir/Users/michaelshipman/Developer/pico/console/rp2040-console/examples/pico-sdk/src/common/pico_time/time.c.obj
                0x10000dcc                timer_pool_entry_comparator
 .text.sleep_until_callback
                0x10000e00       0x30 CMakeFiles/test.dir/Users/michaelshipman/Developer/pico/console/rp2040-console/examples/pico-sdk/src/common/pico_time/time.c.obj
 .text.add_alarm_under_lock.isra.0
                0x10000e30      0x100 CMakeFiles/test.dir/Users/michaelshipman/Developer/pico/console/rp2040-console/examples/pico-sdk/src/common/pico_time/time.c.obj
 .text.alarm_pool_alarm_callback
                0x10000f30      0x1c0 CMakeFiles/test.dir/Users/michaelshipman/Developer/pico/console/rp2040-console/examples/pico-sdk/src/common/pico_time/time.c.obj
 .text.alarm_pool_init_default
                0x100010f0       0x6c CMakeFiles/test.dir/Users/michaelshipman/Developer/pico/console/rp2040-console/examples/pico-sdk/src/common/pico_time/time.c.obj
                0x100010f0                alarm_pool_init_default
 .text.alarm_pool_get_default
                0x1000115c        0x8 CMakeFiles/test.dir/Users/michaelshipman/Developer/pico/console/rp2040-console/examples/pico-sdk/src/common/pico_time/time.c.obj
                0x1000115c                alarm_pool_get_default
 .text.alarm_pool_add_alarm_at
                0x10001164      0x17c CMakeFiles/test.dir/Users/michaelshipman/Developer/pico/console/rp2040-console/examples/pico-sdk/src/common/pico_time/time.c.obj
                0x10001164                alarm_pool_add_alarm_at
 .text.alarm_pool_core_num
                0x100012e0        0x4 CMakeFiles/test.dir/Users/michaelshipman/Developer/pico/console/rp2040-console/examples/pico-sdk/src/common/pico_time/time.c.obj
                0x100012e0                alarm_pool_core_num
 .text.sleep_until
                0x100012e4       0xc4 CMakeFiles/test.dir/Users/michaelshipman/Developer/pico/console/rp2040-console/examples/pico-sdk/src/common/pico_time/time.c.obj
                0x100012e4                sleep_until
 .text.sleep_ms
                0x100013a8       0x38 CMakeFiles/test.dir/Users/michaelshipman/Developer/pico/console/rp2040-console/examples/pico-sdk/src/common/pico_time/time.c.obj
                0x100013a8                sleep_ms
 .text.best_effort_wfe_or_timeout
                0x100013e0       0xcc CMakeFiles/test.dir/Users/michaelshipman/Developer/pico/console/rp2040-console/examples/pico-sdk/src/common/pico_time/time.c.obj
                0x100013e0                best_effort_wfe_or_timeout
 .text.hardware_alarm_irq_handler
                0x100014ac       0xbc CMakeFiles/test.dir/Users/michaelshipman/Developer/pico/console/rp2040-console/examples/pico-sdk/src/rp2_common/hardware_timer/timer.c.obj
 .text.hardware_alarm_claim
                0x10001568       0x18 CMakeFiles/test.dir/Users/michaelshipman/Developer/pico/console/rp2040-console/examples/pico-sdk/src/rp2_common/hardware_timer/timer.c.obj
                0x10001568                hardware_alarm_claim
 .text.time_us_64
                0x10001580       0x14 CMakeFiles/test.dir/Users/michaelshipman/Developer/pico/console/rp2040-console/examples/pico-sdk/src/rp2_common/hardware_timer/timer.c.obj
                0x10001580                time_us_64
 .text.busy_wait_us
                0x10001594       0x68 CMakeFiles/test.dir/Users/michaelshipman/Developer/pico/console/rp2040-console/examples/pico-sdk/src/rp2_common/hardware_timer/timer.c.obj
                0x10001594                busy_wait_us
 .text.busy_wait_until
                0x100015fc       0x20 CMakeFiles/test.dir/Users/michaelshipman/Developer/pico/console/rp2040-console/examples/pico-sdk/src/rp2_common/hardware_timer/timer.c.obj
                0x100015fc                busy_wait_until
 .text.hardware_alarm_set_callback
                0x1000161c       0x8c CMakeFiles/test.dir/Users/michaelshipman/Developer/pico/console/rp2040-console/examples/pico-sdk/src/rp2_common/hardware_timer/timer.c.obj
                0x1000161c                hardware_alarm_set_callback
 .text.hardware_alarm_set_target
                0x100016a8       0xd0 CMakeFiles/test.dir/Users/michaelshipman/Developer/pico/console/rp2040-console/examples/pico-sdk/src/rp2_common/hardware_timer/timer.c.obj
                0x100016a8                hardware_alarm_set_target
 .text.hardware_alarm_cancel
                0x10001778       0x3c CMakeFiles/test.dir/Users/michaelshipman/Developer/pico/console/rp2040-console/examples/pico-sdk/src/rp2_common/hardware_timer/timer.c.obj
                0x10001778                hardware_alarm_cancel
 .text.ph_merge_nodes
                0x100017b4       0x58 CMakeFiles/test.dir/Users/michaelshipman/Developer/pico/console/rp2040-console/examples/pico-sdk/src/common/pico_util/pheap.c.obj
 .text.ph_post_alloc_init
                0x1000180c       0x3c CMakeFiles/test.dir/Users/michaelshipman/Developer/pico/console/rp2040-console/examples/pico-sdk/src/common/pico_util/pheap.c.obj
                0x1000180c                ph_post_alloc_init
 .text.ph_merge_two_pass
                0x10001848       0x8c CMakeFiles/test.dir/Users/michaelshipman/Developer/pico/console/rp2040-console/examples/pico-sdk/src/common/pico_util/pheap.c.obj
                0x10001848                ph_merge_two_pass
 .text.ph_remove_any_head
                0x100018d4      0x100 CMakeFiles/test.dir/Users/michaelshipman/Developer/pico/console/rp2040-console/examples/pico-sdk/src/common/pico_util/pheap.c.obj
 .text.ph_remove_head
                0x100019d4      0x104 CMakeFiles/test.dir/Users/michaelshipman/Developer/pico/console/rp2040-console/examples/pico-sdk/src/common/pico_util/pheap.c.obj
                0x100019d4                ph_remove_head
 .text.ph_remove_and_free_node
                0x10001ad8       0x78 CMakeFiles/test.dir/Users/michaelshipman/Developer/pico/console/rp2040-console/examples/pico-sdk/src/common/pico_util/pheap.c.obj
                0x10001ad8                ph_remove_and_free_node
 .text.queue_init_with_spinlock
                0x10001b50       0x24 CMakeFiles/test.dir/Users/michaelshipman/Developer/pico/console/rp2040-console/examples/pico-sdk/src/common/pico_util/queue.c.obj
                0x10001b50                queue_init_with_spinlock
 .text.uart_init
                0x10001b74      0x18c CMakeFiles/test.dir/Users/michaelshipman/Developer/pico/console/rp2040-console/examples/pico-sdk/src/rp2_common/hardware_uart/uart.c.obj
                0x10001b74                uart_init
 .text.clocks_init
                0x10001d00      0x2c8 CMakeFiles/test.dir/Users/michaelshipman/Developer/pico/console/rp2040-console/examples/pico-sdk/src/rp2_common/hardware_clocks/clocks.c.obj
                0x10001d00                clocks_init
 .text.clock_get_hz
                0x10001fc8        0xc CMakeFiles/test.dir/Users/michaelshipman/Developer/pico/console/rp2040-console/examples/pico-sdk/src/rp2_common/hardware_clocks/clocks.c.obj
                0x10001fc8                clock_get_hz
 .text.pll_init
                0x10001fd4       0xa4 CMakeFiles/test.dir/Users/michaelshipman/Developer/pico/console/rp2040-console/examples/pico-sdk/src/rp2_common/hardware_pll/pll.c.obj
                0x10001fd4                pll_init
 .text.watchdog_start_tick
                0x10002078       0x10 CMakeFiles/test.dir/Users/michaelshipman/Developer/pico/console/rp2040-console/examples/pico-sdk/src/rp2_common/hardware_watchdog/watchdog.c.obj
                0x10002078                watchdog_start_tick
 .text.watchdog_reboot
                0x10002088       0x9c CMakeFiles/test.dir/Users/michaelshipman/Developer/pico/console/rp2040-console/examples/pico-sdk/src/rp2_common/hardware_watchdog/watchdog.c.obj
                0x10002088                watchdog_reboot
 .text.xosc_init
                0x10002124       0x28 CMakeFiles/test.dir/Users/michaelshipman/Developer/pico/console/rp2040-console/examples/pico-sdk/src/rp2_common/hardware_xosc/xosc.c.obj
                0x10002124                xosc_init
 .text.runtime_init
                0x1000214c       0xf0 CMakeFiles/test.dir/Users/michaelshipman/Developer/pico/console/rp2040-console/examples/pico-sdk/src/rp2_common/pico_runtime/runtime.c.obj
                0x1000214c                runtime_init
 .text._exit    0x1000223c        0x4 CMakeFiles/test.dir/Users/michaelshipman/Developer/pico/console/rp2040-console/examples/pico-sdk/src/rp2_common/pico_runtime/runtime.c.obj
                0x1000223c                _exit
 .text._sbrk    0x10002240       0x34 CMakeFiles/test.dir/Users/michaelshipman/Developer/pico/console/rp2040-console/examples/pico-sdk/src/rp2_common/pico_runtime/runtime.c.obj
                0x10002240                _sbrk
 .text.exit     0x10002274        0x8 CMakeFiles/test.dir/Users/michaelshipman/Developer/pico/console/rp2040-console/examples/pico-sdk/src/rp2_common/pico_runtime/runtime.c.obj
                0x10002274                exit
 .text.panic    0x1000227c       0x30 CMakeFiles/test.dir/Users/michaelshipman/Developer/pico/console/rp2040-console/examples/pico-sdk/src/rp2_common/pico_runtime/runtime.c.obj
                0x1000227c                panic
 .text.hard_assertion_failure
                0x100022ac        0xc CMakeFiles/test.dir/Users/michaelshipman/Developer/pico/console/rp2040-console/examples/pico-sdk/src/rp2_common/pico_runtime/runtime.c.obj
                0x100022ac                hard_assertion_failure
 .text._out_null
                0x100022b8        0x4 CMakeFiles/test.dir/Users/michaelshipman/Developer/pico/console/rp2040-console/examples/pico-sdk/src/rp2_common/pico_printf/printf.c.obj
 .text._out_rev
                0x100022bc       0xac CMakeFiles/test.dir/Users/michaelshipman/Developer/pico/console/rp2040-console/examples/pico-sdk/src/rp2_common/pico_printf/printf.c.obj
 .text._ntoa_format
                0x10002368      0x250 CMakeFiles/test.dir/Users/michaelshipman/Developer/pico/console/rp2040-console/examples/pico-sdk/src/rp2_common/pico_printf/printf.c.obj
 .text._out_char
                0x100025b8       0x10 CMakeFiles/test.dir/Users/michaelshipman/Developer/pico/console/rp2040-console/examples/pico-sdk/src/rp2_common/pico_printf/printf.c.obj
 .text._out_fct
                0x100025c8       0x10 CMakeFiles/test.dir/Users/michaelshipman/Developer/pico/console/rp2040-console/examples/pico-sdk/src/rp2_common/pico_printf/printf.c.obj
 .text._etoa    0x100025d8      0x464 CMakeFiles/test.dir/Users/michaelshipman/Developer/pico/console/rp2040-console/examples/pico-sdk/src/rp2_common/pico_printf/printf.c.obj
 .text._ftoa    0x10002a3c      0x3c0 CMakeFiles/test.dir/Users/michaelshipman/Developer/pico/console/rp2040-console/examples/pico-sdk/src/rp2_common/pico_printf/printf.c.obj
 .text._vsnprintf
                0x10002dfc      0xbc8 CMakeFiles/test.dir/Users/michaelshipman/Developer/pico/console/rp2040-console/examples/pico-sdk/src/rp2_common/pico_printf/printf.c.obj
 .text.vfctprintf
                0x100039c4       0x20 CMakeFiles/test.dir/Users/michaelshipman/Developer/pico/console/rp2040-console/examples/pico-sdk/src/rp2_common/pico_printf/printf.c.obj
                0x100039c4                vfctprintf
 .text.weak_raw_vprintf
                0x100039e4       0x30 CMakeFiles/test.dir/Users/michaelshipman/Developer/pico/console/rp2040-console/examples/pico-sdk/src/rp2_common/pico_printf/printf.c.obj
                0x100039e4                weak_raw_vprintf
 .text          0x10003a14       0x10 CMakeFiles/test.dir/Users/michaelshipman/Developer/pico/console/rp2040-console/examples/pico-sdk/src/rp2_common/pico_bit_ops/bit_ops_aeabi.S.obj
 .text.rom_func_lookup
                0x10003a24       0x10 CMakeFiles/test.dir/Users/michaelshipman/Developer/pico/console/rp2040-console/examples/pico-sdk/src/rp2_common/pico_bootrom/bootrom.c.obj
                0x10003a24                rom_func_lookup
 .text.rom_data_lookup
                0x10003a34       0x10 CMakeFiles/test.dir/Users/michaelshipman/Developer/pico/console/rp2040-console/examples/pico-sdk/src/rp2_common/pico_bootrom/bootrom.c.obj
                0x10003a34                rom_data_lookup
 .text.rom_funcs_lookup
                0x10003a44       0x44 CMakeFiles/test.dir/Users/michaelshipman/Developer/pico/console/rp2040-console/examples/pico-sdk/src/rp2_common/pico_bootrom/bootrom.c.obj
                0x10003a44                rom_funcs_lookup
 .text.__wrap___aeabi_idiv
                0x10003a88       0x50 CMakeFiles/test.dir/Users/michaelshipman/Developer/pico/console/rp2040-console/examples/pico-sdk/src/rp2_common/pico_divider/divider.S.obj
                0x10003a88                __wrap___aeabi_idivmod
                0x10003a88                divmod_s32s32
                0x10003a88                div_s32s32
                0x10003a88                __wrap___aeabi_idiv
                0x10003a90                divmod_s32s32_unsafe
                0x10003abc                divmod_s32s32_savestate
 .text.__wrap___aeabi_uidiv
                0x10003ad8       0x4c CMakeFiles/test.dir/Users/michaelshipman/Developer/pico/console/rp2040-console/examples/pico-sdk/src/rp2_common/pico_divider/divider.S.obj
                0x10003ad8                __wrap___aeabi_uidiv
                0x10003ad8                __wrap___aeabi_uidivmod
                0x10003ad8                div_u32u32
                0x10003ad8                divmod_u32u32
                0x10003ae0                divmod_u32u32_unsafe
                0x10003b08                divmod_u32u32_savestate
 .text.__wrap___aeabi_ldiv
                0x10003b24      0x424 CMakeFiles/test.dir/Users/michaelshipman/Developer/pico/console/rp2040-console/examples/pico-sdk/src/rp2_common/pico_divider/divider.S.obj
                0x10003b24                __wrap___aeabi_ldivmod
                0x10003b24                div_s64s64
                0x10003b24                divmod_s64s64
                0x10003b54                divmod_u64u64
                0x10003b54                div_u64u64
                0x10003b54                __wrap___aeabi_uldivmod
                0x10003b64                divmod_u64u64_savestate
                0x10003b84                divmod_s64s64_unsafe
                0x10003c0c                divmod_u64u64_unsafe
 .text.__wrap___aeabi_darithmetic
                0x10003f48       0x80 CMakeFiles/test.dir/Users/michaelshipman/Developer/pico/console/rp2040-console/examples/pico-sdk/src/rp2_common/pico_double/double_aeabi.S.obj
                0x10003f48                __wrap___aeabi_drsub
                0x10003f4e                __wrap___aeabi_dsub
                0x10003f60                __wrap___aeabi_dadd
                0x10003f72                __wrap___aeabi_ddiv
                0x10003fae                __wrap___aeabi_dmul
 .text.__wrap___aeabi_cdcmple
                0x10003fc8       0x6c CMakeFiles/test.dir/Users/michaelshipman/Developer/pico/console/rp2040-console/examples/pico-sdk/src/rp2_common/pico_double/double_aeabi.S.obj
                0x10003fc8                __wrap___aeabi_cdrcmple
                0x10003fd8                __wrap___aeabi_cdcmple
                0x10003fd8                __wrap___aeabi_cdcmpeq
 .text.__wrap___aeabi_dcmplt
                0x10004034        0xc CMakeFiles/test.dir/Users/michaelshipman/Developer/pico/console/rp2040-console/examples/pico-sdk/src/rp2_common/pico_double/double_aeabi.S.obj
                0x10004034                __wrap___aeabi_dcmplt
 .text.__wrap___aeabi_dcmpge
                0x10004040       0x10 CMakeFiles/test.dir/Users/michaelshipman/Developer/pico/console/rp2040-console/examples/pico-sdk/src/rp2_common/pico_double/double_aeabi.S.obj
                0x10004040                __wrap___aeabi_dcmpge
 .text.__wrap___aeabi_dcmpgt
                0x10004050        0xa CMakeFiles/test.dir/Users/michaelshipman/Developer/pico/console/rp2040-console/examples/pico-sdk/src/rp2_common/pico_double/double_aeabi.S.obj
                0x10004050                __wrap___aeabi_dcmpgt
 .text.__wrap___aeabi_dcmpun
                0x1000405a       0x1c CMakeFiles/test.dir/Users/michaelshipman/Developer/pico/console/rp2040-console/examples/pico-sdk/src/rp2_common/pico_double/double_aeabi.S.obj
                0x1000405a                __wrap___aeabi_dcmpun
 *fill*         0x10004076        0x2 
 .text.__wrap___aeabi_i2d
                0x10004078       0x38 CMakeFiles/test.dir/Users/michaelshipman/Developer/pico/console/rp2040-console/examples/pico-sdk/src/rp2_common/pico_double/double_aeabi.S.obj
                0x10004078                __wrap___aeabi_ui2d
                0x10004080                __wrap___aeabi_i2d
 .text.__wrap___aeabi_d2iz
                0x100040b0       0x48 CMakeFiles/test.dir/Users/michaelshipman/Developer/pico/console/rp2040-console/examples/pico-sdk/src/rp2_common/pico_double/double_aeabi.S.obj
                0x100040b0                __wrap___aeabi_d2iz
                0x100040b0                double2int_z
 .text.__wrap___aeabi_d2uiz
                0x100040f8       0x18 CMakeFiles/test.dir/Users/michaelshipman/Developer/pico/console/rp2040-console/examples/pico-sdk/src/rp2_common/pico_double/double_aeabi.S.obj
                0x100040f8                double2uint
                0x100040f8                __wrap___aeabi_d2uiz
 .text.__aeabi_double_init
                0x10004110       0x98 CMakeFiles/test.dir/Users/michaelshipman/Developer/pico/console/rp2040-console/examples/pico-sdk/src/rp2_common/pico_double/double_init_rom.c.obj
                0x10004110                __aeabi_double_init
 .text.double_table_shim_on_use_helper
                0x100041a8       0x2c CMakeFiles/test.dir/Users/michaelshipman/Developer/pico/console/rp2040-console/examples/pico-sdk/src/rp2_common/pico_double/double_v1_rom_shim.S.obj
                0x100041a8                double_table_shim_on_use_helper
 .text.__wrap___aeabi_dsub
                0x100041d4       0x10 CMakeFiles/test.dir/Users/michaelshipman/Developer/pico/console/rp2040-console/examples/pico-sdk/src/rp2_common/pico_double/double_v1_rom_shim.S.obj
                0x100041d4                drsub_shim
                0x100041da                dsub_shim
 .text.dadd_shim
                0x100041e4      0x15c CMakeFiles/test.dir/Users/michaelshipman/Developer/pico/console/rp2040-console/examples/pico-sdk/src/rp2_common/pico_double/double_v1_rom_shim.S.obj
                0x100041e4                dadd_shim
 .text.dmul_shim
                0x10004340      0x15c CMakeFiles/test.dir/Users/michaelshipman/Developer/pico/console/rp2040-console/examples/pico-sdk/src/rp2_common/pico_double/double_v1_rom_shim.S.obj
                0x10004340                dmul_shim
 .text.ddiv_shim
                0x1000449c      0x1b0 CMakeFiles/test.dir/Users/michaelshipman/Developer/pico/console/rp2040-console/examples/pico-sdk/src/rp2_common/pico_double/double_v1_rom_shim.S.obj
                0x1000449c                ddiv_shim
 .text.double2uint_shim
                0x1000464c        0xe CMakeFiles/test.dir/Users/michaelshipman/Developer/pico/console/rp2040-console/examples/pico-sdk/src/rp2_common/pico_double/double_v1_rom_shim.S.obj
                0x1000464c                double2uint_shim
                0x1000464e                double2ufix_shim
 *fill*         0x1000465a        0x2 
 .text.double2uint64_shim
                0x1000465c       0x70 CMakeFiles/test.dir/Users/michaelshipman/Developer/pico/console/rp2040-console/examples/pico-sdk/src/rp2_common/pico_double/double_v1_rom_shim.S.obj
                0x1000465c                double2uint64_shim
                0x1000465e                double2ufix64_shim
                0x1000467e                d2fix_a
 .text.dunpacks
                0x100046cc       0x3c CMakeFiles/test.dir/Users/michaelshipman/Developer/pico/console/rp2040-console/examples/pico-sdk/src/rp2_common/pico_double/double_v1_rom_shim.S.obj
                0x100046cc                dunpacks
 .text.__aeabi_lmul
                0x10004708       0x32 CMakeFiles/test.dir/Users/michaelshipman/Developer/pico/console/rp2040-console/examples/pico-sdk/src/rp2_common/pico_int64_ops/pico_int64_ops_aeabi.S.obj
                0x10004708                __wrap___aeabi_lmul
 *fill*         0x1000473a        0x2 
 .text.__aeabi_float_init
                0x1000473c       0x64 CMakeFiles/test.dir/Users/michaelshipman/Developer/pico/console/rp2040-console/examples/pico-sdk/src/rp2_common/pico_float/float_init_rom.c.obj
                0x1000473c                __aeabi_float_init
 .text.float_table_shim_on_use_helper
                0x100047a0       0x2c CMakeFiles/test.dir/Users/michaelshipman/Developer/pico/console/rp2040-console/examples/pico-sdk/src/rp2_common/pico_float/float_v1_rom_shim.S.obj
                0x100047a0                float_table_shim_on_use_helper
 .text.__wrap_calloc
                0x100047cc       0x40 CMakeFiles/test.dir/Users/michaelshipman/Developer/pico/console/rp2040-console/examples/pico-sdk/src/rp2_common/pico_malloc/pico_malloc.c.obj
                0x100047cc                __wrap_calloc
 .text          0x1000480c       0x10 CMakeFiles/test.dir/Users/michaelshipman/Developer/pico/console/rp2040-console/examples/pico-sdk/src/rp2_common/pico_mem_ops/mem_ops_aeabi.S.obj
                0x1000480c                __aeabi_mem_init
 .text.memset   0x1000481c        0xc CMakeFiles/test.dir/Users/michaelshipman/Developer/pico/console/rp2040-console/examples/pico-sdk/src/rp2_common/pico_mem_ops/mem_ops_aeabi.S.obj
                0x1000481c                __wrap_memset
 .text.memcpy   0x10004828        0xc CMakeFiles/test.dir/Users/michaelshipman/Developer/pico/console/rp2040-console/examples/pico-sdk/src/rp2_common/pico_mem_ops/mem_ops_aeabi.S.obj
                0x10004828                __wrap___aeabi_memcpy
                0x10004828                __wrap_memcpy
 .text.stdio_out_chars_no_crlf
                0x10004834       0x10 CMakeFiles/test.dir/Users/michaelshipman/Developer/pico/console/rp2040-console/examples/pico-sdk/src/rp2_common/pico_stdio/stdio.c.obj
 .text.stdio_out_chars_crlf
                0x10004844       0x94 CMakeFiles/test.dir/Users/michaelshipman/Developer/pico/console/rp2040-console/examples/pico-sdk/src/rp2_common/pico_stdio/stdio.c.obj
 .text.stdio_buffered_printer
                0x100048d8       0x64 CMakeFiles/test.dir/Users/michaelshipman/Developer/pico/console/rp2040-console/examples/pico-sdk/src/rp2_common/pico_stdio/stdio.c.obj
 .text.__wrap_putchar
                0x1000493c       0x98 CMakeFiles/test.dir/Users/michaelshipman/Developer/pico/console/rp2040-console/examples/pico-sdk/src/rp2_common/pico_stdio/stdio.c.obj
                0x1000493c                __wrap_putchar
 .text.__wrap_puts
                0x100049d4       0xe0 CMakeFiles/test.dir/Users/michaelshipman/Developer/pico/console/rp2040-console/examples/pico-sdk/src/rp2_common/pico_stdio/stdio.c.obj
                0x100049d4                __wrap_puts
 .text.putchar_raw
                0x10004ab4       0x98 CMakeFiles/test.dir/Users/michaelshipman/Developer/pico/console/rp2040-console/examples/pico-sdk/src/rp2_common/pico_stdio/stdio.c.obj
                0x10004ab4                putchar_raw
 .text.stdio_set_driver_enabled
                0x10004b4c       0x30 CMakeFiles/test.dir/Users/michaelshipman/Developer/pico/console/rp2040-console/examples/pico-sdk/src/rp2_common/pico_stdio/stdio.c.obj
                0x10004b4c                stdio_set_driver_enabled
 .text.__wrap_vprintf
                0x10004b7c       0xd4 CMakeFiles/test.dir/Users/michaelshipman/Developer/pico/console/rp2040-console/examples/pico-sdk/src/rp2_common/pico_stdio/stdio.c.obj
                0x10004b7c                __wrap_vprintf
 .text.__wrap_printf
                0x10004c50       0x18 CMakeFiles/test.dir/Users/michaelshipman/Developer/pico/console/rp2040-console/examples/pico-sdk/src/rp2_common/pico_stdio/stdio.c.obj
                0x10004c50                __wrap_printf
 .text.stdio_init_all
                0x10004c68       0x10 CMakeFiles/test.dir/Users/michaelshipman/Developer/pico/console/rp2040-console/examples/pico-sdk/src/rp2_common/pico_stdio/stdio.c.obj
                0x10004c68                stdio_init_all
 .text.getchar_timeout_us
                0x10004c78       0x98 CMakeFiles/test.dir/Users/michaelshipman/Developer/pico/console/rp2040-console/examples/pico-sdk/src/rp2_common/pico_stdio/stdio.c.obj
                0x10004c78                getchar_timeout_us
 .text.stdio_uart_out_chars
                0x10004d10       0x4c CMakeFiles/test.dir/Users/michaelshipman/Developer/pico/console/rp2040-console/examples/pico-sdk/src/rp2_common/pico_stdio_uart/stdio_uart.c.obj
 .text.stdio_uart_in_chars
                0x10004d5c       0x90 CMakeFiles/test.dir/Users/michaelshipman/Developer/pico/console/rp2040-console/examples/pico-sdk/src/rp2_common/pico_stdio_uart/stdio_uart.c.obj
                0x10004d5c                stdio_uart_in_chars
 .text.on_uart_rx
                0x10004dec       0x28 CMakeFiles/test.dir/Users/michaelshipman/Developer/pico/console/rp2040-console/examples/pico-sdk/src/rp2_common/pico_stdio_uart/stdio_uart.c.obj
 .text.stdio_uart_set_chars_available_callback
                0x10004e14       0x8c CMakeFiles/test.dir/Users/michaelshipman/Developer/pico/console/rp2040-console/examples/pico-sdk/src/rp2_common/pico_stdio_uart/stdio_uart.c.obj
 .text.stdio_uart_init
                0x10004ea0       0x48 CMakeFiles/test.dir/Users/michaelshipman/Developer/pico/console/rp2040-console/examples/pico-sdk/src/rp2_common/pico_stdio_uart/stdio_uart.c.obj
                0x10004ea0                stdio_uart_init
 .text.resetd_init
                0x10004ee8        0x4 CMakeFiles/test.dir/Users/michaelshipman/Developer/pico/console/rp2040-console/examples/pico-sdk/src/rp2_common/pico_stdio_usb/reset_interface.c.obj
 .text.resetd_reset
                0x10004eec        0xc CMakeFiles/test.dir/Users/michaelshipman/Developer/pico/console/rp2040-console/examples/pico-sdk/src/rp2_common/pico_stdio_usb/reset_interface.c.obj
 .text.resetd_open
                0x10004ef8       0x28 CMakeFiles/test.dir/Users/michaelshipman/Developer/pico/console/rp2040-console/examples/pico-sdk/src/rp2_common/pico_stdio_usb/reset_interface.c.obj
 .text.resetd_xfer_cb
                0x10004f20        0x4 CMakeFiles/test.dir/Users/michaelshipman/Developer/pico/console/rp2040-console/examples/pico-sdk/src/rp2_common/pico_stdio_usb/reset_interface.c.obj
 .text.resetd_control_xfer_cb
                0x10004f24       0x60 CMakeFiles/test.dir/Users/michaelshipman/Developer/pico/console/rp2040-console/examples/pico-sdk/src/rp2_common/pico_stdio_usb/reset_interface.c.obj
 .text.usbd_app_driver_get_cb
                0x10004f84        0xc CMakeFiles/test.dir/Users/michaelshipman/Developer/pico/console/rp2040-console/examples/pico-sdk/src/rp2_common/pico_stdio_usb/reset_interface.c.obj
                0x10004f84                usbd_app_driver_get_cb
 .text.tud_cdc_line_coding_cb
                0x10004f90       0x34 CMakeFiles/test.dir/Users/michaelshipman/Developer/pico/console/rp2040-console/examples/pico-sdk/src/rp2_common/pico_stdio_usb/reset_interface.c.obj
                0x10004f90                tud_cdc_line_coding_cb
 .text.stdio_usb_set_chars_available_callback
                0x10004fc4       0x14 CMakeFiles/test.dir/Users/michaelshipman/Developer/pico/console/rp2040-console/examples/pico-sdk/src/rp2_common/pico_stdio_usb/stdio_usb.c.obj
                0x10004fc4                stdio_usb_set_chars_available_callback
 .text.usb_irq  0x10004fd8       0x10 CMakeFiles/test.dir/Users/michaelshipman/Developer/pico/console/rp2040-console/examples/pico-sdk/src/rp2_common/pico_stdio_usb/stdio_usb.c.obj
 .text.timer_task
                0x10004fe8       0x54 CMakeFiles/test.dir/Users/michaelshipman/Developer/pico/console/rp2040-console/examples/pico-sdk/src/rp2_common/pico_stdio_usb/stdio_usb.c.obj
 .text.stdio_usb_in_chars
                0x1000503c       0x90 CMakeFiles/test.dir/Users/michaelshipman/Developer/pico/console/rp2040-console/examples/pico-sdk/src/rp2_common/pico_stdio_usb/stdio_usb.c.obj
                0x1000503c                stdio_usb_in_chars
 .text.stdio_usb_out_chars
                0x100050cc      0x104 CMakeFiles/test.dir/Users/michaelshipman/Developer/pico/console/rp2040-console/examples/pico-sdk/src/rp2_common/pico_stdio_usb/stdio_usb.c.obj
 .text.low_priority_worker_irq
                0x100051d0       0xa8 CMakeFiles/test.dir/Users/michaelshipman/Developer/pico/console/rp2040-console/examples/pico-sdk/src/rp2_common/pico_stdio_usb/stdio_usb.c.obj
 .text.tud_cdc_rx_cb
                0x10005278       0x20 CMakeFiles/test.dir/Users/michaelshipman/Developer/pico/console/rp2040-console/examples/pico-sdk/src/rp2_common/pico_stdio_usb/stdio_usb.c.obj
                0x10005278                tud_cdc_rx_cb
 .text.stdio_usb_init
                0x10005298       0xe0 CMakeFiles/test.dir/Users/michaelshipman/Developer/pico/console/rp2040-console/examples/pico-sdk/src/rp2_common/pico_stdio_usb/stdio_usb.c.obj
                0x10005298                stdio_usb_init
 .text.tud_descriptor_device_cb
                0x10005378        0x8 CMakeFiles/test.dir/Users/michaelshipman/Developer/pico/console/rp2040-console/examples/pico-sdk/src/rp2_common/pico_stdio_usb/stdio_usb_descriptors.c.obj
                0x10005378                tud_descriptor_device_cb
 .text.tud_descriptor_configuration_cb
                0x10005380        0x8 CMakeFiles/test.dir/Users/michaelshipman/Developer/pico/console/rp2040-console/examples/pico-sdk/src/rp2_common/pico_stdio_usb/stdio_usb_descriptors.c.obj
                0x10005380                tud_descriptor_configuration_cb
 .text.tud_descriptor_string_cb
                0x10005388       0x78 CMakeFiles/test.dir/Users/michaelshipman/Developer/pico/console/rp2040-console/examples/pico-sdk/src/rp2_common/pico_stdio_usb/stdio_usb_descriptors.c.obj
                0x10005388                tud_descriptor_string_cb
 .text.startup._retrieve_unique_id_on_boot
                0x10005400       0x10 CMakeFiles/test.dir/Users/michaelshipman/Developer/pico/console/rp2040-console/examples/pico-sdk/src/rp2_common/pico_unique_id/unique_id.c.obj
 .text.pico_get_unique_board_id_string
                0x10005410      0x1a8 CMakeFiles/test.dir/Users/michaelshipman/Developer/pico/console/rp2040-console/examples/pico-sdk/src/rp2_common/pico_unique_id/unique_id.c.obj
                0x10005410                pico_get_unique_board_id_string
 .text.flash_get_unique_id
                0x100055b8       0x3c CMakeFiles/test.dir/Users/michaelshipman/Developer/pico/console/rp2040-console/examples/pico-sdk/src/rp2_common/hardware_flash/flash.c.obj
                0x100055b8                flash_get_unique_id
 .text.dcd_int_enable
                0x100055f4        0xc CMakeFiles/test.dir/Users/michaelshipman/Developer/pico/console/rp2040-console/examples/pico-sdk/lib/tinyusb/src/portable/raspberrypi/rp2040/dcd_rp2040.c.obj
                0x100055f4                dcd_int_enable
 .text.dcd_set_address
                0x10005600       0x14 CMakeFiles/test.dir/Users/michaelshipman/Developer/pico/console/rp2040-console/examples/pico-sdk/lib/tinyusb/src/portable/raspberrypi/rp2040/dcd_rp2040.c.obj
                0x10005600                dcd_set_address
 .text.dcd_connect
                0x10005614       0x10 CMakeFiles/test.dir/Users/michaelshipman/Developer/pico/console/rp2040-console/examples/pico-sdk/lib/tinyusb/src/portable/raspberrypi/rp2040/dcd_rp2040.c.obj
                0x10005614                dcd_connect
 .text.dcd_init
                0x10005624       0x98 CMakeFiles/test.dir/Users/michaelshipman/Developer/pico/console/rp2040-console/examples/pico-sdk/lib/tinyusb/src/portable/raspberrypi/rp2040/dcd_rp2040.c.obj
                0x10005624                dcd_init
 .text.dcd_edpt0_status_complete
                0x100056bc       0x1c CMakeFiles/test.dir/Users/michaelshipman/Developer/pico/console/rp2040-console/examples/pico-sdk/lib/tinyusb/src/portable/raspberrypi/rp2040/dcd_rp2040.c.obj
                0x100056bc                dcd_edpt0_status_complete
 .text.dcd_edpt_open
                0x100056d8      0x108 CMakeFiles/test.dir/Users/michaelshipman/Developer/pico/console/rp2040-console/examples/pico-sdk/lib/tinyusb/src/portable/raspberrypi/rp2040/dcd_rp2040.c.obj
                0x100056d8                dcd_edpt_open
 .text.dcd_edpt_close_all
                0x100057e0        0x8 CMakeFiles/test.dir/Users/michaelshipman/Developer/pico/console/rp2040-console/examples/pico-sdk/lib/tinyusb/src/portable/raspberrypi/rp2040/dcd_rp2040.c.obj
                0x100057e0                dcd_edpt_close_all
 .text.dcd_edpt_xfer
                0x100057e8       0x24 CMakeFiles/test.dir/Users/michaelshipman/Developer/pico/console/rp2040-console/examples/pico-sdk/lib/tinyusb/src/portable/raspberrypi/rp2040/dcd_rp2040.c.obj
                0x100057e8                dcd_edpt_xfer
 .text.dcd_edpt_stall
                0x1000580c       0x34 CMakeFiles/test.dir/Users/michaelshipman/Developer/pico/console/rp2040-console/examples/pico-sdk/lib/tinyusb/src/portable/raspberrypi/rp2040/dcd_rp2040.c.obj
                0x1000580c                dcd_edpt_stall
 .text.dcd_edpt_clear_stall
                0x10005840       0x30 CMakeFiles/test.dir/Users/michaelshipman/Developer/pico/console/rp2040-console/examples/pico-sdk/lib/tinyusb/src/portable/raspberrypi/rp2040/dcd_rp2040.c.obj
                0x10005840                dcd_edpt_clear_stall
 .text.rp2040_usb_init
                0x10005870       0x4c CMakeFiles/test.dir/Users/michaelshipman/Developer/pico/console/rp2040-console/examples/pico-sdk/lib/tinyusb/src/portable/raspberrypi/rp2040/rp2040_usb.c.obj
                0x10005870                rp2040_usb_init
 .text.hw_endpoint_xfer_start
                0x100058bc       0x40 CMakeFiles/test.dir/Users/michaelshipman/Developer/pico/console/rp2040-console/examples/pico-sdk/lib/tinyusb/src/portable/raspberrypi/rp2040/rp2040_usb.c.obj
                0x100058bc                hw_endpoint_xfer_start
 .text.tud_mounted
                0x100058fc       0x10 CMakeFiles/test.dir/Users/michaelshipman/Developer/pico/console/rp2040-console/examples/pico-sdk/lib/tinyusb/src/device/usbd.c.obj
                0x100058fc                tud_mounted
 .text.tud_suspended
                0x1000590c       0x10 CMakeFiles/test.dir/Users/michaelshipman/Developer/pico/console/rp2040-console/examples/pico-sdk/lib/tinyusb/src/device/usbd.c.obj
                0x1000590c                tud_suspended
 .text.tud_inited
                0x1000591c       0x14 CMakeFiles/test.dir/Users/michaelshipman/Developer/pico/console/rp2040-console/examples/pico-sdk/lib/tinyusb/src/device/usbd.c.obj
                0x1000591c                tud_inited
 .text.tud_init
                0x10005930       0xdc CMakeFiles/test.dir/Users/michaelshipman/Developer/pico/console/rp2040-console/examples/pico-sdk/lib/tinyusb/src/device/usbd.c.obj
                0x10005930                tud_init
 .text.tud_task_ext
                0x10005a0c      0x850 CMakeFiles/test.dir/Users/michaelshipman/Developer/pico/console/rp2040-console/examples/pico-sdk/lib/tinyusb/src/device/usbd.c.obj
                0x10005a0c                tud_task_ext
 .text.usbd_open_edpt_pair
                0x1000625c       0x9c CMakeFiles/test.dir/Users/michaelshipman/Developer/pico/console/rp2040-console/examples/pico-sdk/lib/tinyusb/src/device/usbd.c.obj
                0x1000625c                usbd_open_edpt_pair
 .text.usbd_defer_func
                0x100062f8       0x48 CMakeFiles/test.dir/Users/michaelshipman/Developer/pico/console/rp2040-console/examples/pico-sdk/lib/tinyusb/src/device/usbd.c.obj
                0x100062f8                usbd_defer_func
 .text.usbd_edpt_open
                0x10006340       0x34 CMakeFiles/test.dir/Users/michaelshipman/Developer/pico/console/rp2040-console/examples/pico-sdk/lib/tinyusb/src/device/usbd.c.obj
                0x10006340                usbd_edpt_open
 .text.usbd_edpt_claim
                0x10006374       0x28 CMakeFiles/test.dir/Users/michaelshipman/Developer/pico/console/rp2040-console/examples/pico-sdk/lib/tinyusb/src/device/usbd.c.obj
                0x10006374                usbd_edpt_claim
 .text.usbd_edpt_release
                0x1000639c       0x28 CMakeFiles/test.dir/Users/michaelshipman/Developer/pico/console/rp2040-console/examples/pico-sdk/lib/tinyusb/src/device/usbd.c.obj
                0x1000639c                usbd_edpt_release
 .text.usbd_edpt_xfer
                0x100063c4       0x4c CMakeFiles/test.dir/Users/michaelshipman/Developer/pico/console/rp2040-console/examples/pico-sdk/lib/tinyusb/src/device/usbd.c.obj
                0x100063c4                usbd_edpt_xfer
 .text.tud_control_status
                0x10006410       0x2c CMakeFiles/test.dir/Users/michaelshipman/Developer/pico/console/rp2040-console/examples/pico-sdk/lib/tinyusb/src/device/usbd_control.c.obj
                0x10006410                tud_control_status
 .text.tud_control_xfer
                0x1000643c       0xac CMakeFiles/test.dir/Users/michaelshipman/Developer/pico/console/rp2040-console/examples/pico-sdk/lib/tinyusb/src/device/usbd_control.c.obj
                0x1000643c                tud_control_xfer
 .text.usbd_control_reset
                0x100064e8       0x14 CMakeFiles/test.dir/Users/michaelshipman/Developer/pico/console/rp2040-console/examples/pico-sdk/lib/tinyusb/src/device/usbd_control.c.obj
                0x100064e8                usbd_control_reset
 .text.usbd_control_set_complete_callback
                0x100064fc        0xc CMakeFiles/test.dir/Users/michaelshipman/Developer/pico/console/rp2040-console/examples/pico-sdk/lib/tinyusb/src/device/usbd_control.c.obj
                0x100064fc                usbd_control_set_complete_callback
 .text.usbd_control_set_request
                0x10006508       0x1c CMakeFiles/test.dir/Users/michaelshipman/Developer/pico/console/rp2040-console/examples/pico-sdk/lib/tinyusb/src/device/usbd_control.c.obj
                0x10006508                usbd_control_set_request
 .text.usbd_control_xfer_cb
                0x10006524       0xf4 CMakeFiles/test.dir/Users/michaelshipman/Developer/pico/console/rp2040-console/examples/pico-sdk/lib/tinyusb/src/device/usbd_control.c.obj
                0x10006524                usbd_control_xfer_cb
 .text.tud_cdc_n_connected
                0x10006618       0x30 CMakeFiles/test.dir/Users/michaelshipman/Developer/pico/console/rp2040-console/examples/pico-sdk/lib/tinyusb/src/class/cdc/cdc_device.c.obj
                0x10006618                tud_cdc_n_connected
 .text.tud_cdc_n_available
                0x10006648       0x18 CMakeFiles/test.dir/Users/michaelshipman/Developer/pico/console/rp2040-console/examples/pico-sdk/lib/tinyusb/src/class/cdc/cdc_device.c.obj
                0x10006648                tud_cdc_n_available
 .text.tud_cdc_n_read
                0x10006660       0x70 CMakeFiles/test.dir/Users/michaelshipman/Developer/pico/console/rp2040-console/examples/pico-sdk/lib/tinyusb/src/class/cdc/cdc_device.c.obj
                0x10006660                tud_cdc_n_read
 .text.tud_cdc_n_write_flush
                0x100066d0       0x78 CMakeFiles/test.dir/Users/michaelshipman/Developer/pico/console/rp2040-console/examples/pico-sdk/lib/tinyusb/src/class/cdc/cdc_device.c.obj
                0x100066d0                tud_cdc_n_write_flush
 .text.tud_cdc_n_write
                0x10006748       0x34 CMakeFiles/test.dir/Users/michaelshipman/Developer/pico/console/rp2040-console/examples/pico-sdk/lib/tinyusb/src/class/cdc/cdc_device.c.obj
                0x10006748                tud_cdc_n_write
 .text.tud_cdc_n_write_available
                0x1000677c       0x18 CMakeFiles/test.dir/Users/michaelshipman/Developer/pico/console/rp2040-console/examples/pico-sdk/lib/tinyusb/src/class/cdc/cdc_device.c.obj
                0x1000677c                tud_cdc_n_write_available
 .text.cdcd_init
                0x10006794       0x7c CMakeFiles/test.dir/Users/michaelshipman/Developer/pico/console/rp2040-console/examples/pico-sdk/lib/tinyusb/src/class/cdc/cdc_device.c.obj
                0x10006794                cdcd_init
 .text.cdcd_reset
                0x10006810       0x2c CMakeFiles/test.dir/Users/michaelshipman/Developer/pico/console/rp2040-console/examples/pico-sdk/lib/tinyusb/src/class/cdc/cdc_device.c.obj
                0x10006810                cdcd_reset
 .text.cdcd_open
                0x1000683c       0xe4 CMakeFiles/test.dir/Users/michaelshipman/Developer/pico/console/rp2040-console/examples/pico-sdk/lib/tinyusb/src/class/cdc/cdc_device.c.obj
                0x1000683c                cdcd_open
 .text.cdcd_control_xfer_cb
                0x10006920       0xe4 CMakeFiles/test.dir/Users/michaelshipman/Developer/pico/console/rp2040-console/examples/pico-sdk/lib/tinyusb/src/class/cdc/cdc_device.c.obj
                0x10006920                cdcd_control_xfer_cb
 .text.cdcd_xfer_cb
                0x10006a04      0x13c CMakeFiles/test.dir/Users/michaelshipman/Developer/pico/console/rp2040-console/examples/pico-sdk/lib/tinyusb/src/class/cdc/cdc_device.c.obj
                0x10006a04                cdcd_xfer_cb
 .text.tusb_init
                0x10006b40        0xc CMakeFiles/test.dir/Users/michaelshipman/Developer/pico/console/rp2040-console/examples/pico-sdk/lib/tinyusb/src/tusb.c.obj
                0x10006b40                tusb_init
 .text.tusb_inited
                0x10006b4c        0x8 CMakeFiles/test.dir/Users/michaelshipman/Developer/pico/console/rp2040-console/examples/pico-sdk/lib/tinyusb/src/tusb.c.obj
                0x10006b4c                tusb_inited
 .text.tu_edpt_claim
                0x10006b54       0x50 CMakeFiles/test.dir/Users/michaelshipman/Developer/pico/console/rp2040-console/examples/pico-sdk/lib/tinyusb/src/tusb.c.obj
                0x10006b54                tu_edpt_claim
 .text.tu_edpt_release
                0x10006ba4       0x38 CMakeFiles/test.dir/Users/michaelshipman/Developer/pico/console/rp2040-console/examples/pico-sdk/lib/tinyusb/src/tusb.c.obj
                0x10006ba4                tu_edpt_release
 .text.tu_edpt_validate
                0x10006bdc       0x7c CMakeFiles/test.dir/Users/michaelshipman/Developer/pico/console/rp2040-console/examples/pico-sdk/lib/tinyusb/src/tusb.c.obj
                0x10006bdc                tu_edpt_validate
 .text.tu_edpt_bind_driver
                0x10006c58       0x34 CMakeFiles/test.dir/Users/michaelshipman/Developer/pico/console/rp2040-console/examples/pico-sdk/lib/tinyusb/src/tusb.c.obj
                0x10006c58                tu_edpt_bind_driver
 .text.tu_fifo_config
                0x10006c8c       0x6c CMakeFiles/test.dir/Users/michaelshipman/Developer/pico/console/rp2040-console/examples/pico-sdk/lib/tinyusb/src/common/tusb_fifo.c.obj
                0x10006c8c                tu_fifo_config
 .text.tu_fifo_count
                0x10006cf8       0x2c CMakeFiles/test.dir/Users/michaelshipman/Developer/pico/console/rp2040-console/examples/pico-sdk/lib/tinyusb/src/common/tusb_fifo.c.obj
                0x10006cf8                tu_fifo_count
 .text.tu_fifo_empty
                0x10006d24       0x10 CMakeFiles/test.dir/Users/michaelshipman/Developer/pico/console/rp2040-console/examples/pico-sdk/lib/tinyusb/src/common/tusb_fifo.c.obj
                0x10006d24                tu_fifo_empty
 .text.tu_fifo_remaining
                0x10006d34       0x2c CMakeFiles/test.dir/Users/michaelshipman/Developer/pico/console/rp2040-console/examples/pico-sdk/lib/tinyusb/src/common/tusb_fifo.c.obj
                0x10006d34                tu_fifo_remaining
 .text.tu_fifo_read
                0x10006d60       0x9c CMakeFiles/test.dir/Users/michaelshipman/Developer/pico/console/rp2040-console/examples/pico-sdk/lib/tinyusb/src/common/tusb_fifo.c.obj
                0x10006d60                tu_fifo_read
 .text.tu_fifo_read_n
                0x10006dfc       0xe8 CMakeFiles/test.dir/Users/michaelshipman/Developer/pico/console/rp2040-console/examples/pico-sdk/lib/tinyusb/src/common/tusb_fifo.c.obj
                0x10006dfc                tu_fifo_read_n
 .text.tu_fifo_write
                0x10006ee4       0xa8 CMakeFiles/test.dir/Users/michaelshipman/Developer/pico/console/rp2040-console/examples/pico-sdk/lib/tinyusb/src/common/tusb_fifo.c.obj
                0x10006ee4                tu_fifo_write
 .text.tu_fifo_write_n
                0x10006f8c      0x178 CMakeFiles/test.dir/Users/michaelshipman/Developer/pico/console/rp2040-console/examples/pico-sdk/lib/tinyusb/src/common/tusb_fifo.c.obj
                0x10006f8c                tu_fifo_write_n
 .text.tu_fifo_clear
                0x10007104       0x40 CMakeFiles/test.dir/Users/michaelshipman/Developer/pico/console/rp2040-console/examples/pico-sdk/lib/tinyusb/src/common/tusb_fifo.c.obj
                0x10007104                tu_fifo_clear
 .text.tu_fifo_set_overwritable
                0x10007144       0x48 CMakeFiles/test.dir/Users/michaelshipman/Developer/pico/console/rp2040-console/examples/pico-sdk/lib/tinyusb/src/common/tusb_fifo.c.obj
                0x10007144                tu_fifo_set_overwritable
 .text.core1_trampoline
                0x1000718c        0x4 CMakeFiles/test.dir/Users/michaelshipman/Developer/pico/console/rp2040-console/examples/pico-sdk/src/rp2_common/pico_multicore/multicore.c.obj
 .text.core1_wrapper
                0x10007190        0xc CMakeFiles/test.dir/Users/michaelshipman/Developer/pico/console/rp2040-console/examples/pico-sdk/src/rp2_common/pico_multicore/multicore.c.obj
                0x10007190                core1_wrapper
 .text.multicore_fifo_push_blocking
                0x1000719c       0x14 CMakeFiles/test.dir/Users/michaelshipman/Developer/pico/console/rp2040-console/examples/pico-sdk/src/rp2_common/pico_multicore/multicore.c.obj
                0x1000719c                multicore_fifo_push_blocking
 .text.multicore_fifo_pop_blocking
                0x100071b0       0x1c CMakeFiles/test.dir/Users/michaelshipman/Developer/pico/console/rp2040-console/examples/pico-sdk/src/rp2_common/pico_multicore/multicore.c.obj
                0x100071b0                multicore_fifo_pop_blocking
 .text.multicore_fifo_pop_timeout_us
                0x100071cc       0x70 CMakeFiles/test.dir/Users/michaelshipman/Developer/pico/console/rp2040-console/examples/pico-sdk/src/rp2_common/pico_multicore/multicore.c.obj
                0x100071cc                multicore_fifo_pop_timeout_us
 .text.multicore_launch_core1_raw
                0x1000723c       0x84 CMakeFiles/test.dir/Users/michaelshipman/Developer/pico/console/rp2040-console/examples/pico-sdk/src/rp2_common/pico_multicore/multicore.c.obj
                0x1000723c                multicore_launch_core1_raw
 .text.multicore_launch_core1
                0x100072c0       0x58 CMakeFiles/test.dir/Users/michaelshipman/Developer/pico/console/rp2040-console/examples/pico-sdk/src/rp2_common/pico_multicore/multicore.c.obj
                0x100072c0                multicore_launch_core1
 .text.atoi     0x10007318        0xc /Applications/ArmGNUToolchain/13.2.Rel1/arm-none-eabi/bin/../lib/gcc/arm-none-eabi/13.2.1/../../../../arm-none-eabi/lib/thumb/v6-m/nofp/libc.a(libc_a-atoi.o)
                0x10007318                atoi
 .text.calloc   0x10007324       0x18 /Applications/ArmGNUToolchain/13.2.Rel1/arm-none-eabi/bin/../lib/gcc/arm-none-eabi/13.2.1/../../../../arm-none-eabi/lib/thumb/v6-m/nofp/libc.a(libc_a-calloc.o)
                0x10007324                calloc
 .text._calloc_r
                0x1000733c       0xa8 /Applications/ArmGNUToolchain/13.2.Rel1/arm-none-eabi/bin/../lib/gcc/arm-none-eabi/13.2.1/../../../../arm-none-eabi/lib/thumb/v6-m/nofp/libc.a(libc_a-callocr.o)
                0x1000733c                _calloc_r
 .text._malloc_r
                0x100073e4      0x5c4 /Applications/ArmGNUToolchain/13.2.Rel1/arm-none-eabi/bin/../lib/gcc/arm-none-eabi/13.2.1/../../../../arm-none-eabi/lib/thumb/v6-m/nofp/libc.a(libc_a-mallocr.o)
                0x100073e4                _malloc_r
 .text.__malloc_lock
                0x100079a8       0x10 /Applications/ArmGNUToolchain/13.2.Rel1/arm-none-eabi/bin/../lib/gcc/arm-none-eabi/13.2.1/../../../../arm-none-eabi/lib/thumb/v6-m/nofp/libc.a(libc_a-mlock.o)
                0x100079a8                __malloc_lock
 .text.__malloc_unlock
                0x100079b8       0x10 /Applications/ArmGNUToolchain/13.2.Rel1/arm-none-eabi/bin/../lib/gcc/arm-none-eabi/13.2.1/../../../../arm-none-eabi/lib/thumb/v6-m/nofp/libc.a(libc_a-mlock.o)
                0x100079b8                __malloc_unlock
 .text._strtol_l.isra.0
                0x100079c8      0x158 /Applications/ArmGNUToolchain/13.2.Rel1/arm-none-eabi/bin/../lib/gcc/arm-none-eabi/13.2.1/../../../../arm-none-eabi/lib/thumb/v6-m/nofp/libc.a(libc_a-strtol.o)
 .text.strtol   0x10007b20       0x18 /Applications/ArmGNUToolchain/13.2.Rel1/arm-none-eabi/bin/../lib/gcc/arm-none-eabi/13.2.1/../../../../arm-none-eabi/lib/thumb/v6-m/nofp/libc.a(libc_a-strtol.o)
                0x10007b20                strtol
 .text.strtok   0x10007b38       0x14 /Applications/ArmGNUToolchain/13.2.Rel1/arm-none-eabi/bin/../lib/gcc/arm-none-eabi/13.2.1/../../../../arm-none-eabi/lib/thumb/v6-m/nofp/libc.a(libc_a-strtok.o)
                0x10007b38                strtok
 .text.__strtok_r
                0x10007b4c       0x64 /Applications/ArmGNUToolchain/13.2.Rel1/arm-none-eabi/bin/../lib/gcc/arm-none-eabi/13.2.1/../../../../arm-none-eabi/lib/thumb/v6-m/nofp/libc.a(libc_a-strtok_r.o)
                0x10007b4c                __strtok_r
 .text._sbrk_r  0x10007bb0       0x24 /Applications/ArmGNUToolchain/13.2.Rel1/arm-none-eabi/bin/../lib/gcc/arm-none-eabi/13.2.1/../../../../arm-none-eabi/lib/thumb/v6-m/nofp/libc.a(libc_a-sbrkr.o)
                0x10007bb0                _sbrk_r
 .text.__errno  0x10007bd4        0xc /Applications/ArmGNUToolchain/13.2.Rel1/arm-none-eabi/bin/../lib/gcc/arm-none-eabi/13.2.1/../../../../arm-none-eabi/lib/thumb/v6-m/nofp/libc.a(libc_a-errno.o)
                0x10007bd4                __errno
 .text.sysconf  0x10007be0       0x1c /Applications/ArmGNUToolchain/13.2.Rel1/arm-none-eabi/bin/../lib/gcc/arm-none-eabi/13.2.1/../../../../arm-none-eabi/lib/thumb/v6-m/nofp/libc.a(libc_a-sysconf.o)
                0x10007be0                sysconf
 .text          0x10007bfc       0x88 /Applications/ArmGNUToolchain/13.2.Rel1/arm-none-eabi/bin/../lib/gcc/arm-none-eabi/13.2.1/../../../../arm-none-eabi/lib/thumb/v6-m/nofp/libc.a(libc_a-strcmp.o)
                0x10007bfc                strcmp
 .text.__retarget_lock_acquire_recursive
                0x10007c84        0x4 /Applications/ArmGNUToolchain/13.2.Rel1/arm-none-eabi/bin/../lib/gcc/arm-none-eabi/13.2.1/../../../../arm-none-eabi/lib/thumb/v6-m/nofp/libc.a(libc_a-lock.o)
                0x10007c84                __retarget_lock_acquire_recursive
 .text.__retarget_lock_release_recursive
                0x10007c88        0x4 /Applications/ArmGNUToolchain/13.2.Rel1/arm-none-eabi/bin/../lib/gcc/arm-none-eabi/13.2.1/../../../../arm-none-eabi/lib/thumb/v6-m/nofp/libc.a(libc_a-lock.o)
                0x10007c88                __retarget_lock_release_recursive
 .text.strlen   0x10007c8c       0x5c /Applications/ArmGNUToolchain/13.2.Rel1/arm-none-eabi/bin/../lib/gcc/arm-none-eabi/13.2.1/../../../../arm-none-eabi/lib/thumb/v6-m/nofp/libc.a(libc_a-strlen-stub.o)
                0x10007c8c                strlen
 .text._malloc_trim_r
                0x10007ce8       0xb4 /Applications/ArmGNUToolchain/13.2.Rel1/arm-none-eabi/bin/../lib/gcc/arm-none-eabi/13.2.1/../../../../arm-none-eabi/lib/thumb/v6-m/nofp/libc.a(libc_a-freer.o)
                0x10007ce8                _malloc_trim_r
 .text._free_r  0x10007d9c      0x1d4 /Applications/ArmGNUToolchain/13.2.Rel1/arm-none-eabi/bin/../lib/gcc/arm-none-eabi/13.2.1/../../../../arm-none-eabi/lib/thumb/v6-m/nofp/libc.a(libc_a-freer.o)
                0x10007d9c                _free_r
 *(.fini)
 .fini          0x10007f70        0x4 /Applications/ArmGNUToolchain/13.2.Rel1/arm-none-eabi/bin/../lib/gcc/arm-none-eabi/13.2.1/thumb/v6-m/nofp/crti.o
                0x10007f70                _fini
 *fill*         0x10007f74        0x4 
 .fini.__stub   0x10007f78       0xe0 linker stubs
 *crtbegin.o(.ctors)
 *crtbegin?.o(.ctors)
 *(EXCLUDE_FILE(*crtend.o *crtend?.o) .ctors)
 *(SORT_BY_NAME(.ctors.*))
 *(.ctors)
 *crtbegin.o(.dtors)
 *crtbegin?.o(.dtors)
 *(EXCLUDE_FILE(*crtend.o *crtend?.o) .dtors)
 *(SORT_BY_NAME(.dtors.*))
 *(.dtors)
 *(.eh_frame*)
 .eh_frame      0x10008058        0x0 /Applications/ArmGNUToolchain/13.2.Rel1/arm-none-eabi/bin/../lib/gcc/arm-none-eabi/13.2.1/thumb/v6-m/nofp/crtbegin.o
                0x10008058                        . = ALIGN (0x4)

.glue_7         0x10008058        0x0
 .glue_7        0x10008058        0x0 linker stubs

.glue_7t        0x10008058        0x0
 .glue_7t       0x10008058        0x0 linker stubs

.vfp11_veneer   0x10008058        0x0
 .vfp11_veneer  0x10008058        0x0 linker stubs

.v4_bx          0x10008058        0x0
 .v4_bx         0x10008058        0x0 linker stubs

.iplt           0x10008058        0x0
 .iplt          0x10008058        0x0 /Applications/ArmGNUToolchain/13.2.Rel1/arm-none-eabi/bin/../lib/gcc/arm-none-eabi/13.2.1/thumb/v6-m/nofp/crtbegin.o

.rodata         0x10008058      0x7a0
 *(EXCLUDE_FILE(*libm.a: *libc.a:*lib_a-mem*.o *libgcc.a:) .rodata*)
 .rodata.main.str1.4
                0x10008058      0x2f4 CMakeFiles/test.dir/test.c.obj
                                 0x83 (size before relaxing)
 .rodata.get_handler.str1.4
                0x1000834c       0x26 CMakeFiles/test.dir/test.c.obj
 .rodata.no_op_handler.str1.4
                0x1000834c       0x18 CMakeFiles/test.dir/test.c.obj
 .rodata.str1.4
                0x1000834c        0xa CMakeFiles/test.dir/Users/michaelshipman/Developer/pico/console/rp2040-console/console.c.obj
 .rodata.print_op_code.str1.4
                0x1000834c       0x10 CMakeFiles/test.dir/Users/michaelshipman/Developer/pico/console/rp2040-console/std-cmd/command.c.obj
 .rodata.print_op_code
                0x1000834c       0x34 CMakeFiles/test.dir/Users/michaelshipman/Developer/pico/console/rp2040-console/std-cmd/command.c.obj
 .rodata.print_command.str1.4
                0x10008380       0x28 CMakeFiles/test.dir/Users/michaelshipman/Developer/pico/console/rp2040-console/std-cmd/command.c.obj
 .rodata.str1.4
                0x10008380       0x50 CMakeFiles/test.dir/Users/michaelshipman/Developer/pico/console/rp2040-console/std-cmd/command.c.obj
 .rodata.spin_lock_claim_unused.str1.4
                0x10008380       0x1b CMakeFiles/test.dir/Users/michaelshipman/Developer/pico/console/rp2040-console/examples/pico-sdk/src/rp2_common/hardware_sync/sync.c.obj
 .rodata.user_irq_claim_unused.str1.4
                0x10008380       0x1b CMakeFiles/test.dir/Users/michaelshipman/Developer/pico/console/rp2040-console/examples/pico-sdk/src/rp2_common/hardware_irq/irq.c.obj
 .rodata.hardware_alarm_claim.str1.4
                0x10008380       0x22 CMakeFiles/test.dir/Users/michaelshipman/Developer/pico/console/rp2040-console/examples/pico-sdk/src/rp2_common/hardware_timer/timer.c.obj
 .rodata.panic.str1.4
                0x10008380       0x12 CMakeFiles/test.dir/Users/michaelshipman/Developer/pico/console/rp2040-console/examples/pico-sdk/src/rp2_common/pico_runtime/runtime.c.obj
 .rodata.hard_assertion_failure.str1.4
                0x10008380        0xc CMakeFiles/test.dir/Users/michaelshipman/Developer/pico/console/rp2040-console/examples/pico-sdk/src/rp2_common/pico_runtime/runtime.c.obj
 .rodata._ftoa.str1.4
                0x10008380       0x15 CMakeFiles/test.dir/Users/michaelshipman/Developer/pico/console/rp2040-console/examples/pico-sdk/src/rp2_common/pico_printf/printf.c.obj
 .rodata._vsnprintf
                0x10008380      0x19c CMakeFiles/test.dir/Users/michaelshipman/Developer/pico/console/rp2040-console/examples/pico-sdk/src/rp2_common/pico_printf/printf.c.obj
 *fill*         0x1000851c        0x4 
 .rodata.pow10.0
                0x10008520       0x50 CMakeFiles/test.dir/Users/michaelshipman/Developer/pico/console/rp2040-console/examples/pico-sdk/src/rp2_common/pico_printf/printf.c.obj
 .rodata.__wrap_malloc.str1.4
                0x10008570        0xe CMakeFiles/test.dir/Users/michaelshipman/Developer/pico/console/rp2040-console/examples/pico-sdk/src/rp2_common/pico_malloc/pico_malloc.c.obj
 .rodata.str1.4
                0x10008570       0x3c CMakeFiles/test.dir/Users/michaelshipman/Developer/pico/console/rp2040-console/examples/pico-sdk/src/rp2_common/pico_standard_link/binary_info.c.obj
 .rodata.__bi_81
                0x10008570        0xc CMakeFiles/test.dir/Users/michaelshipman/Developer/pico/console/rp2040-console/examples/pico-sdk/src/rp2_common/pico_standard_link/binary_info.c.obj
 .rodata.__bi_75
                0x1000857c        0xc CMakeFiles/test.dir/Users/michaelshipman/Developer/pico/console/rp2040-console/examples/pico-sdk/src/rp2_common/pico_standard_link/binary_info.c.obj
 .rodata.__bi_44
                0x10008588        0xc CMakeFiles/test.dir/Users/michaelshipman/Developer/pico/console/rp2040-console/examples/pico-sdk/src/rp2_common/pico_standard_link/binary_info.c.obj
 .rodata.crlf_str.0
                0x10008594        0x2 CMakeFiles/test.dir/Users/michaelshipman/Developer/pico/console/rp2040-console/examples/pico-sdk/src/rp2_common/pico_stdio/stdio.c.obj
 .rodata.str1.4
                0x10008596       0x2c CMakeFiles/test.dir/Users/michaelshipman/Developer/pico/console/rp2040-console/examples/pico-sdk/src/rp2_common/pico_stdio_uart/stdio_uart.c.obj
 *fill*         0x10008596        0x2 
 .rodata.__bi_33.4
                0x10008598        0xc CMakeFiles/test.dir/Users/michaelshipman/Developer/pico/console/rp2040-console/examples/pico-sdk/src/rp2_common/pico_stdio_uart/stdio_uart.c.obj
 .rodata.__bi_34.5
                0x100085a4        0x8 CMakeFiles/test.dir/Users/michaelshipman/Developer/pico/console/rp2040-console/examples/pico-sdk/src/rp2_common/pico_stdio_uart/stdio_uart.c.obj
 .rodata._resetd_driver
                0x100085ac       0x18 CMakeFiles/test.dir/Users/michaelshipman/Developer/pico/console/rp2040-console/examples/pico-sdk/src/rp2_common/pico_stdio_usb/reset_interface.c.obj
 .rodata.str1.4
                0x100085c4       0x13 CMakeFiles/test.dir/Users/michaelshipman/Developer/pico/console/rp2040-console/examples/pico-sdk/src/rp2_common/pico_stdio_usb/stdio_usb.c.obj
 .rodata.__bi_182.0
                0x100085c4        0xc CMakeFiles/test.dir/Users/michaelshipman/Developer/pico/console/rp2040-console/examples/pico-sdk/src/rp2_common/pico_stdio_usb/stdio_usb.c.obj
 .rodata.str1.4
                0x100085d0       0x2a CMakeFiles/test.dir/Users/michaelshipman/Developer/pico/console/rp2040-console/examples/pico-sdk/src/rp2_common/pico_stdio_usb/stdio_usb_descriptors.c.obj
 .rodata.usbd_desc_str
                0x100085d0       0x18 CMakeFiles/test.dir/Users/michaelshipman/Developer/pico/console/rp2040-console/examples/pico-sdk/src/rp2_common/pico_stdio_usb/stdio_usb_descriptors.c.obj
 .rodata.usbd_desc_cfg
                0x100085e8       0x54 CMakeFiles/test.dir/Users/michaelshipman/Developer/pico/console/rp2040-console/examples/pico-sdk/src/rp2_common/pico_stdio_usb/stdio_usb_descriptors.c.obj
 .rodata.usbd_desc_device
                0x1000863c       0x12 CMakeFiles/test.dir/Users/michaelshipman/Developer/pico/console/rp2040-console/examples/pico-sdk/src/rp2_common/pico_stdio_usb/stdio_usb_descriptors.c.obj
 .rodata.str1.4
                0x1000864e       0x14 CMakeFiles/test.dir/Users/michaelshipman/Developer/pico/console/rp2040-console/examples/pico-sdk/lib/tinyusb/src/portable/raspberrypi/rp2040/dcd_rp2040.c.obj
 .rodata.str1.4
                0x1000864e       0x53 CMakeFiles/test.dir/Users/michaelshipman/Developer/pico/console/rp2040-console/examples/pico-sdk/lib/tinyusb/src/portable/raspberrypi/rp2040/rp2040_usb.c.obj
 *fill*         0x1000864e        0x2 
 .rodata.tud_task_ext
                0x10008650       0x8c CMakeFiles/test.dir/Users/michaelshipman/Developer/pico/console/rp2040-console/examples/pico-sdk/lib/tinyusb/src/device/usbd.c.obj
 .rodata._usbd_driver
                0x100086dc       0x18 CMakeFiles/test.dir/Users/michaelshipman/Developer/pico/console/rp2040-console/examples/pico-sdk/lib/tinyusb/src/device/usbd.c.obj
 .rodata._ctype_
                0x100086f4      0x101 /Applications/ArmGNUToolchain/13.2.Rel1/arm-none-eabi/bin/../lib/gcc/arm-none-eabi/13.2.1/../../../../arm-none-eabi/lib/thumb/v6-m/nofp/libc.a(libc_a-ctype_.o)
                0x100086f4                _ctype_
                0x100087f8                        . = ALIGN (0x4)
 *fill*         0x100087f5        0x3 
 *(SORT_BY_ALIGNMENT(SORT_BY_NAME(.flashdata*)))
                0x100087f8                        . = ALIGN (0x4)

.ARM.extab
 *(.ARM.extab* .gnu.linkonce.armextab.*)
                0x100087f8                        __exidx_start = .

.ARM.exidx
 *(.ARM.exidx* .gnu.linkonce.armexidx.*)
                0x100087f8                        __exidx_end = .
                0x100087f8                        . = ALIGN (0x4)
                0x100087f8                        __binary_info_start = .

.binary_info    0x100087f8       0x28
 *(.binary_info.keep.*)
 .binary_info.keep.__bi_ptr81
                0x100087f8        0x4 CMakeFiles/test.dir/Users/michaelshipman/Developer/pico/console/rp2040-console/examples/pico-sdk/src/rp2_common/pico_standard_link/binary_info.c.obj
 .binary_info.keep.__bi_ptr75
                0x100087fc        0x4 CMakeFiles/test.dir/Users/michaelshipman/Developer/pico/console/rp2040-console/examples/pico-sdk/src/rp2_common/pico_standard_link/binary_info.c.obj
 .binary_info.keep.__bi_ptr50
                0x10008800        0x4 CMakeFiles/test.dir/Users/michaelshipman/Developer/pico/console/rp2040-console/examples/pico-sdk/src/rp2_common/pico_standard_link/binary_info.c.obj
 .binary_info.keep.__bi_ptr44
                0x10008804        0x4 CMakeFiles/test.dir/Users/michaelshipman/Developer/pico/console/rp2040-console/examples/pico-sdk/src/rp2_common/pico_standard_link/binary_info.c.obj
 .binary_info.keep.__bi_ptr38
                0x10008808        0x4 CMakeFiles/test.dir/Users/michaelshipman/Developer/pico/console/rp2040-console/examples/pico-sdk/src/rp2_common/pico_standard_link/binary_info.c.obj
 .binary_info.keep.__bi_ptr30
                0x1000880c        0x4 CMakeFiles/test.dir/Users/michaelshipman/Developer/pico/console/rp2040-console/examples/pico-sdk/src/rp2_common/pico_standard_link/binary_info.c.obj
 .binary_info.keep.__bi_ptr22
                0x10008810        0x4 CMakeFiles/test.dir/Users/michaelshipman/Developer/pico/console/rp2040-console/examples/pico-sdk/src/rp2_common/pico_standard_link/binary_info.c.obj
 *(.binary_info.*)
 .binary_info.__bi_ptr34
                0x10008814        0x4 CMakeFiles/test.dir/Users/michaelshipman/Developer/pico/console/rp2040-console/examples/pico-sdk/src/rp2_common/pico_stdio_uart/stdio_uart.c.obj
 .binary_info.__bi_ptr33
                0x10008818        0x4 CMakeFiles/test.dir/Users/michaelshipman/Developer/pico/console/rp2040-console/examples/pico-sdk/src/rp2_common/pico_stdio_uart/stdio_uart.c.obj
 .binary_info.__bi_ptr182
                0x1000881c        0x4 CMakeFiles/test.dir/Users/michaelshipman/Developer/pico/console/rp2040-console/examples/pico-sdk/src/rp2_common/pico_stdio_usb/stdio_usb.c.obj
                0x10008820                        __binary_info_end = .

.rel.dyn        0x10008820        0x0
 .rel.iplt      0x10008820        0x0 /Applications/ArmGNUToolchain/13.2.Rel1/arm-none-eabi/bin/../lib/gcc/arm-none-eabi/13.2.1/thumb/v6-m/nofp/crtbegin.o
                0x10008820                        . = ALIGN (0x4)

.ram_vector_table
                0x20000000       0xc0
 *(.ram_vector_table)
 .ram_vector_table
                0x20000000       0xc0 CMakeFiles/test.dir/Users/michaelshipman/Developer/pico/console/rp2040-console/examples/pico-sdk/src/rp2_common/pico_runtime/runtime.c.obj
                0x20000000                ram_vector_table

.data           0x200000c0     0x14c8 load address 0x10008820
                0x200000c0                        __data_start__ = .
 *(vtable)
 *(.time_critical*)
 .time_critical.get_string
                0x200000c0       0x64 CMakeFiles/test.dir/Users/michaelshipman/Developer/pico/console/rp2040-console/console.c.obj
                0x200000c0                get_string
 .time_critical.get_command
                0x20000124       0x28 CMakeFiles/test.dir/Users/michaelshipman/Developer/pico/console/rp2040-console/console.c.obj
                0x20000124                get_command
 .time_critical.mutex_enter_blocking
                0x2000014c       0x48 CMakeFiles/test.dir/Users/michaelshipman/Developer/pico/console/rp2040-console/examples/pico-sdk/src/common/pico_sync/mutex.c.obj
                0x2000014c                mutex_enter_blocking
 .time_critical.mutex_try_enter
                0x20000194       0x40 CMakeFiles/test.dir/Users/michaelshipman/Developer/pico/console/rp2040-console/examples/pico-sdk/src/common/pico_sync/mutex.c.obj
                0x20000194                mutex_try_enter
 .time_critical.mutex_try_enter_block_until
                0x200001d4       0x9c CMakeFiles/test.dir/Users/michaelshipman/Developer/pico/console/rp2040-console/examples/pico-sdk/src/common/pico_sync/mutex.c.obj
                0x200001d4                mutex_try_enter_block_until
 .time_critical.mutex_enter_timeout_ms
                0x20000270       0x90 CMakeFiles/test.dir/Users/michaelshipman/Developer/pico/console/rp2040-console/examples/pico-sdk/src/common/pico_sync/mutex.c.obj
                0x20000270                mutex_enter_timeout_ms
 .time_critical.mutex_exit
                0x20000300       0x28 CMakeFiles/test.dir/Users/michaelshipman/Developer/pico/console/rp2040-console/examples/pico-sdk/src/common/pico_sync/mutex.c.obj
                0x20000300                mutex_exit
 .time_critical.flash_init_boot2_copyout
                0x20000328       0x30 CMakeFiles/test.dir/Users/michaelshipman/Developer/pico/console/rp2040-console/examples/pico-sdk/src/rp2_common/hardware_flash/flash.c.obj
 .time_critical.flash_enable_xip_via_boot2
                0x20000358        0xc CMakeFiles/test.dir/Users/michaelshipman/Developer/pico/console/rp2040-console/examples/pico-sdk/src/rp2_common/hardware_flash/flash.c.obj
 .time_critical.flash_cs_force
                0x20000364       0x38 CMakeFiles/test.dir/Users/michaelshipman/Developer/pico/console/rp2040-console/examples/pico-sdk/src/rp2_common/hardware_flash/flash.c.obj
 .time_critical.flash_do_cmd
                0x2000039c       0xc0 CMakeFiles/test.dir/Users/michaelshipman/Developer/pico/console/rp2040-console/examples/pico-sdk/src/rp2_common/hardware_flash/flash.c.obj
                0x2000039c                flash_do_cmd
 .time_critical.reset_non_control_endpoints
                0x2000045c       0x68 CMakeFiles/test.dir/Users/michaelshipman/Developer/pico/console/rp2040-console/examples/pico-sdk/lib/tinyusb/src/portable/raspberrypi/rp2040/dcd_rp2040.c.obj
 .time_critical.hw_handle_buff_status
                0x200004c4       0xb0 CMakeFiles/test.dir/Users/michaelshipman/Developer/pico/console/rp2040-console/examples/pico-sdk/lib/tinyusb/src/portable/raspberrypi/rp2040/dcd_rp2040.c.obj
 .time_critical.dcd_rp2040_irq
                0x20000574      0x510 CMakeFiles/test.dir/Users/michaelshipman/Developer/pico/console/rp2040-console/examples/pico-sdk/lib/tinyusb/src/portable/raspberrypi/rp2040/dcd_rp2040.c.obj
 .time_critical.e15_is_bulkin_ep
                0x20000a84       0x28 CMakeFiles/test.dir/Users/michaelshipman/Developer/pico/console/rp2040-console/examples/pico-sdk/lib/tinyusb/src/portable/raspberrypi/rp2040/rp2040_usb.c.obj
 .time_critical.e15_is_critical_frame_period
                0x20000aac       0x34 CMakeFiles/test.dir/Users/michaelshipman/Developer/pico/console/rp2040-console/examples/pico-sdk/lib/tinyusb/src/portable/raspberrypi/rp2040/rp2040_usb.c.obj
 .time_critical.prepare_ep_buffer
                0x20000ae0       0x6c CMakeFiles/test.dir/Users/michaelshipman/Developer/pico/console/rp2040-console/examples/pico-sdk/lib/tinyusb/src/portable/raspberrypi/rp2040/rp2040_usb.c.obj
 .time_critical.sync_ep_buffer
                0x20000b4c       0x48 CMakeFiles/test.dir/Users/michaelshipman/Developer/pico/console/rp2040-console/examples/pico-sdk/lib/tinyusb/src/portable/raspberrypi/rp2040/rp2040_usb.c.obj
 .time_critical._hw_endpoint_xfer_sync
                0x20000b94       0x28 CMakeFiles/test.dir/Users/michaelshipman/Developer/pico/console/rp2040-console/examples/pico-sdk/lib/tinyusb/src/portable/raspberrypi/rp2040/rp2040_usb.c.obj
 .time_critical.hw_endpoint_reset_transfer
                0x20000bbc        0xc CMakeFiles/test.dir/Users/michaelshipman/Developer/pico/console/rp2040-console/examples/pico-sdk/lib/tinyusb/src/portable/raspberrypi/rp2040/rp2040_usb.c.obj
                0x20000bbc                hw_endpoint_reset_transfer
 .time_critical._hw_endpoint_buffer_control_update32
                0x20000bc8       0x58 CMakeFiles/test.dir/Users/michaelshipman/Developer/pico/console/rp2040-console/examples/pico-sdk/lib/tinyusb/src/portable/raspberrypi/rp2040/rp2040_usb.c.obj
                0x20000bc8                _hw_endpoint_buffer_control_update32
 .time_critical.hw_endpoint_start_next_buffer
                0x20000c20       0x6c CMakeFiles/test.dir/Users/michaelshipman/Developer/pico/console/rp2040-console/examples/pico-sdk/lib/tinyusb/src/portable/raspberrypi/rp2040/rp2040_usb.c.obj
                0x20000c20                hw_endpoint_start_next_buffer
 .time_critical.hw_endpoint_xfer_continue
                0x20000c8c       0x50 CMakeFiles/test.dir/Users/michaelshipman/Developer/pico/console/rp2040-console/examples/pico-sdk/lib/tinyusb/src/portable/raspberrypi/rp2040/rp2040_usb.c.obj
                0x20000c8c                hw_endpoint_xfer_continue
 .time_critical.tinyusb
                0x20000cdc      0x16c CMakeFiles/test.dir/Users/michaelshipman/Developer/pico/console/rp2040-console/examples/pico-sdk/lib/tinyusb/src/device/usbd.c.obj
                0x20000cdc                dcd_event_handler
 *(.text*)
 .text          0x20000e48        0x4 /Applications/ArmGNUToolchain/13.2.Rel1/arm-none-eabi/bin/../lib/gcc/arm-none-eabi/13.2.1/thumb/v6-m/nofp/libgcc.a(_dvmd_tls.o)
                0x20000e48                __aeabi_ldiv0
                0x20000e48                __aeabi_idiv0
 *fill*         0x20000e4c        0x4 
 .text.__stub   0x20000e50       0xb0 linker stubs
                0x20000f00                        . = ALIGN (0x4)
 *(.rodata*)
                0x20000f00                        . = ALIGN (0x4)
 *(.data*)
 .data.whitespace.0
                0x20000f00        0x7 CMakeFiles/test.dir/Users/michaelshipman/Developer/pico/console/rp2040-console/std-cmd/command.c.obj
 *fill*         0x20000f07        0x1 
 .data.op_code_strings
                0x20000f08       0x34 CMakeFiles/test.dir/Users/michaelshipman/Developer/pico/console/rp2040-console/std-cmd/command.c.obj
                0x20000f08                op_code_strings
 .data.striped_spin_lock_num
                0x20000f3c        0x1 CMakeFiles/test.dir/Users/michaelshipman/Developer/pico/console/rp2040-console/examples/pico-sdk/src/rp2_common/hardware_sync/sync.c.obj
 *fill*         0x20000f3d        0x3 
 .data          0x20000f40       0x48 CMakeFiles/test.dir/Users/michaelshipman/Developer/pico/console/rp2040-console/examples/pico-sdk/src/rp2_common/hardware_irq/irq_handler_chain.S.obj
                0x20000f40                irq_handler_chain_slots
                0x20000f70                irq_handler_chain_first_slot
                0x20000f7a                irq_handler_chain_remove_tail
 .data.default_alarm_pool
                0x20000f88       0x18 CMakeFiles/test.dir/Users/michaelshipman/Developer/pico/console/rp2040-console/examples/pico-sdk/src/common/pico_time/time.c.obj
 .data.default_alarm_pool_heap
                0x20000fa0       0x10 CMakeFiles/test.dir/Users/michaelshipman/Developer/pico/console/rp2040-console/examples/pico-sdk/src/common/pico_time/time.c.obj
 *fill*         0x20000fb0        0x0 
 .data.aeabi_bits_funcs
                0x20000fb0       0x10 CMakeFiles/test.dir/Users/michaelshipman/Developer/pico/console/rp2040-console/examples/pico-sdk/src/rp2_common/pico_bit_ops/bit_ops_aeabi.S.obj
                0x20000fb0                aeabi_bits_funcs
                0x20000fc0                aeabi_bits_funcs_end
 .data.aeabi_mem_funcs
                0x20000fc0       0x10 CMakeFiles/test.dir/Users/michaelshipman/Developer/pico/console/rp2040-console/examples/pico-sdk/src/rp2_common/pico_mem_ops/mem_ops_aeabi.S.obj
                0x20000fc0                aeabi_mem_funcs
                0x20000fd0                aeabi_mem_funcs_end
 .data.stdio_uart
                0x20000fd0       0x18 CMakeFiles/test.dir/Users/michaelshipman/Developer/pico/console/rp2040-console/examples/pico-sdk/src/rp2_common/pico_stdio_uart/stdio_uart.c.obj
                0x20000fd0                stdio_uart
 .data.stdio_usb
                0x20000fe8       0x18 CMakeFiles/test.dir/Users/michaelshipman/Developer/pico/console/rp2040-console/examples/pico-sdk/src/rp2_common/pico_stdio_usb/stdio_usb.c.obj
                0x20000fe8                stdio_usb
 .data.ep_dir_string
                0x20001000        0x8 CMakeFiles/test.dir/Users/michaelshipman/Developer/pico/console/rp2040-console/examples/pico-sdk/lib/tinyusb/src/portable/raspberrypi/rp2040/rp2040_usb.c.obj
                0x20001000                ep_dir_string
 .data._usbd_qdef
                0x20001008       0x1c CMakeFiles/test.dir/Users/michaelshipman/Developer/pico/console/rp2040-console/examples/pico-sdk/lib/tinyusb/src/device/usbd.c.obj
                0x20001008                _usbd_qdef
 .data._usbd_rhport
                0x20001024        0x1 CMakeFiles/test.dir/Users/michaelshipman/Developer/pico/console/rp2040-console/examples/pico-sdk/lib/tinyusb/src/device/usbd.c.obj
 *fill*         0x20001025        0x3 
 .data.__malloc_sbrk_base
                0x20001028        0x4 /Applications/ArmGNUToolchain/13.2.Rel1/arm-none-eabi/bin/../lib/gcc/arm-none-eabi/13.2.1/../../../../arm-none-eabi/lib/thumb/v6-m/nofp/libc.a(libc_a-mallocr.o)
                0x20001028                __malloc_sbrk_base
 .data.__malloc_trim_threshold
                0x2000102c        0x4 /Applications/ArmGNUToolchain/13.2.Rel1/arm-none-eabi/bin/../lib/gcc/arm-none-eabi/13.2.1/../../../../arm-none-eabi/lib/thumb/v6-m/nofp/libc.a(libc_a-mallocr.o)
                0x2000102c                __malloc_trim_threshold
 .data.__malloc_av_
                0x20001030      0x408 /Applications/ArmGNUToolchain/13.2.Rel1/arm-none-eabi/bin/../lib/gcc/arm-none-eabi/13.2.1/../../../../arm-none-eabi/lib/thumb/v6-m/nofp/libc.a(libc_a-mallocr.o)
                0x20001030                __malloc_av_
 .data._impure_ptr
                0x20001438        0x4 /Applications/ArmGNUToolchain/13.2.Rel1/arm-none-eabi/bin/../lib/gcc/arm-none-eabi/13.2.1/../../../../arm-none-eabi/lib/thumb/v6-m/nofp/libc.a(libc_a-impure.o)
                0x20001438                _impure_ptr
 *fill*         0x2000143c        0x4 
 .data._impure_data
                0x20001440      0x120 /Applications/ArmGNUToolchain/13.2.Rel1/arm-none-eabi/bin/../lib/gcc/arm-none-eabi/13.2.1/../../../../arm-none-eabi/lib/thumb/v6-m/nofp/libc.a(libc_a-impure.o)
                0x20001440                _impure_data
                0x20001560                        . = ALIGN (0x4)
 *(.after_data.*)
                0x20001560                        . = ALIGN (0x4)
                0x20001560                        PROVIDE (__mutex_array_start = .)
 *(SORT_BY_NAME(.mutex_array.*))
 *(.mutex_array)
 .mutex_array   0x20001560        0x8 CMakeFiles/test.dir/Users/michaelshipman/Developer/pico/console/rp2040-console/examples/pico-sdk/src/rp2_common/pico_malloc/pico_malloc.c.obj
 .mutex_array   0x20001568        0x8 CMakeFiles/test.dir/Users/michaelshipman/Developer/pico/console/rp2040-console/examples/pico-sdk/src/rp2_common/pico_stdio/stdio.c.obj
                0x20001570                        PROVIDE (__mutex_array_end = .)
                0x20001570                        . = ALIGN (0x4)
                0x20001570                        PROVIDE (__preinit_array_start = .)
 *(SORT_BY_NAME(.preinit_array.*))
 .preinit_array.00001
                0x20001570        0x4 CMakeFiles/test.dir/Users/michaelshipman/Developer/pico/console/rp2040-console/examples/pico-sdk/src/rp2_common/pico_mem_ops/mem_ops_aeabi.S.obj
 .preinit_array.00010
                0x20001574        0x4 CMakeFiles/test.dir/Users/michaelshipman/Developer/pico/console/rp2040-console/examples/pico-sdk/src/rp2_common/pico_bit_ops/bit_ops_aeabi.S.obj
 .preinit_array.00020
                0x20001578        0x4 CMakeFiles/test.dir/Users/michaelshipman/Developer/pico/console/rp2040-console/examples/pico-sdk/src/rp2_common/pico_double/double_aeabi.S.obj
 .preinit_array.00020
                0x2000157c        0x4 CMakeFiles/test.dir/Users/michaelshipman/Developer/pico/console/rp2040-console/examples/pico-sdk/src/rp2_common/pico_float/float_aeabi.S.obj
 *(.preinit_array)
                0x20001580                        PROVIDE (__preinit_array_end = .)
                0x20001580                        . = ALIGN (0x4)
                0x20001580                        PROVIDE (__init_array_start = .)
 *(SORT_BY_NAME(.init_array.*))
 *(.init_array)
 .init_array    0x20001580        0x4 /Applications/ArmGNUToolchain/13.2.Rel1/arm-none-eabi/bin/../lib/gcc/arm-none-eabi/13.2.1/thumb/v6-m/nofp/crtbegin.o
 .init_array    0x20001584        0x4 CMakeFiles/test.dir/Users/michaelshipman/Developer/pico/console/rp2040-console/examples/pico-sdk/src/rp2_common/pico_unique_id/unique_id.c.obj
                0x20001588                        PROVIDE (__init_array_end = .)
                0x20001588                        . = ALIGN (0x4)
                [!provide]                        PROVIDE (__fini_array_start = .)
 *(SORT_BY_NAME(.fini_array.*))
 *(.fini_array)
                [!provide]                        PROVIDE (__fini_array_end = .)
 *(.jcr)
                0x20001588                        . = ALIGN (0x4)
                0x20001588                        __data_end__ = .
                0x10008820                        __etext = LOADADDR (.data)

.tm_clone_table
                0x20001588        0x0 load address 0x10009ce8
 .tm_clone_table
                0x20001588        0x0 /Applications/ArmGNUToolchain/13.2.Rel1/arm-none-eabi/bin/../lib/gcc/arm-none-eabi/13.2.1/thumb/v6-m/nofp/crtbegin.o
 .tm_clone_table
                0x20001588        0x0 /Applications/ArmGNUToolchain/13.2.Rel1/arm-none-eabi/bin/../lib/gcc/arm-none-eabi/13.2.1/thumb/v6-m/nofp/crtend.o

.igot.plt       0x20001588        0x0 load address 0x10009ce8
 .igot.plt      0x20001588        0x0 /Applications/ArmGNUToolchain/13.2.Rel1/arm-none-eabi/bin/../lib/gcc/arm-none-eabi/13.2.1/thumb/v6-m/nofp/crtbegin.o

.uninitialized_data
                0x20001588        0x0 load address 0x10009ce8
                0x20001588                        . = ALIGN (0x4)
 *(.uninitialized_data*)

.scratch_x      0x20040000        0x0 load address 0x10009ce8
                0x20040000                        __scratch_x_start__ = .
 *(.scratch_x.*)
                0x20040000                        . = ALIGN (0x4)
                0x20040000                        __scratch_x_end__ = .
                0x10009ce8                        __scratch_x_source__ = LOADADDR (.scratch_x)

.scratch_y      0x20041000        0x0 load address 0x10009ce8
                0x20041000                        __scratch_y_start__ = .
 *(.scratch_y.*)
                0x20041000                        . = ALIGN (0x4)
                0x20041000                        __scratch_y_end__ = .
                0x10009ce8                        __scratch_y_source__ = LOADADDR (.scratch_y)

.bss            0x20001588     0x1030
                0x20001588                        . = ALIGN (0x4)
                0x20001588                        __bss_start__ = .
 *(SORT_BY_ALIGNMENT(SORT_BY_NAME(.bss*)))
 .bss.configured_freq
                0x20001588       0x28 CMakeFiles/test.dir/Users/michaelshipman/Developer/pico/console/rp2040-console/examples/pico-sdk/src/rp2_common/hardware_clocks/clocks.c.obj